Archive member included to satisfy reference by file (symbol)

c:/siliconlabs/simplicitystudio/v4/developer/toolchains/gnu_arm/7.2_2017q4/bin/../lib/gcc/arm-none-eabi/7.2.1/thumb/v7e-m/fpv4-sp/softfp\libgcc.a(_aeabi_uldivmod.o)
                              ./emlib/em_usart.o (__aeabi_uldivmod)
c:/siliconlabs/simplicitystudio/v4/developer/toolchains/gnu_arm/7.2_2017q4/bin/../lib/gcc/arm-none-eabi/7.2.1/thumb/v7e-m/fpv4-sp/softfp\libgcc.a(_udivmoddi4.o)
                              c:/siliconlabs/simplicitystudio/v4/developer/toolchains/gnu_arm/7.2_2017q4/bin/../lib/gcc/arm-none-eabi/7.2.1/thumb/v7e-m/fpv4-sp/softfp\libgcc.a(_aeabi_uldivmod.o) (__udivmoddi4)
c:/siliconlabs/simplicitystudio/v4/developer/toolchains/gnu_arm/7.2_2017q4/bin/../lib/gcc/arm-none-eabi/7.2.1/thumb/v7e-m/fpv4-sp/softfp\libgcc.a(_dvmd_tls.o)
                              c:/siliconlabs/simplicitystudio/v4/developer/toolchains/gnu_arm/7.2_2017q4/bin/../lib/gcc/arm-none-eabi/7.2.1/thumb/v7e-m/fpv4-sp/softfp\libgcc.a(_aeabi_uldivmod.o) (__aeabi_ldiv0)
c:/siliconlabs/simplicitystudio/v4/developer/toolchains/gnu_arm/7.2_2017q4/bin/../lib/gcc/arm-none-eabi/7.2.1/../../../../arm-none-eabi/lib/thumb/v7e-m/fpv4-sp/softfp\libc_nano.a(lib_a-abs.o)
                              ./e-paper/Adafruit_GFX.o (abs)
c:/siliconlabs/simplicitystudio/v4/developer/toolchains/gnu_arm/7.2_2017q4/bin/../lib/gcc/arm-none-eabi/7.2.1/../../../../arm-none-eabi/lib/thumb/v7e-m/fpv4-sp/softfp\libc_nano.a(lib_a-exit.o)
                              c:/siliconlabs/simplicitystudio/v4/developer/toolchains/gnu_arm/7.2_2017q4/bin/../lib/gcc/arm-none-eabi/7.2.1/../../../../arm-none-eabi/lib/thumb/v7e-m/fpv4-sp/softfp/crt0.o (exit)
c:/siliconlabs/simplicitystudio/v4/developer/toolchains/gnu_arm/7.2_2017q4/bin/../lib/gcc/arm-none-eabi/7.2.1/../../../../arm-none-eabi/lib/thumb/v7e-m/fpv4-sp/softfp\libc_nano.a(lib_a-impure.o)
                              c:/siliconlabs/simplicitystudio/v4/developer/toolchains/gnu_arm/7.2_2017q4/bin/../lib/gcc/arm-none-eabi/7.2.1/../../../../arm-none-eabi/lib/thumb/v7e-m/fpv4-sp/softfp\libc_nano.a(lib_a-exit.o) (_global_impure_ptr)
c:/siliconlabs/simplicitystudio/v4/developer/toolchains/gnu_arm/7.2_2017q4/bin/../lib/gcc/arm-none-eabi/7.2.1/../../../../arm-none-eabi/lib/thumb/v7e-m/fpv4-sp/softfp\libc_nano.a(lib_a-init.o)
                              c:/siliconlabs/simplicitystudio/v4/developer/toolchains/gnu_arm/7.2_2017q4/bin/../lib/gcc/arm-none-eabi/7.2.1/../../../../arm-none-eabi/lib/thumb/v7e-m/fpv4-sp/softfp/crt0.o (__libc_init_array)
c:/siliconlabs/simplicitystudio/v4/developer/toolchains/gnu_arm/7.2_2017q4/bin/../lib/gcc/arm-none-eabi/7.2.1/../../../../arm-none-eabi/lib/thumb/v7e-m/fpv4-sp/softfp\libc_nano.a(lib_a-memcpy-stub.o)
                              ./emlib/em_crypto.o (memcpy)
c:/siliconlabs/simplicitystudio/v4/developer/toolchains/gnu_arm/7.2_2017q4/bin/../lib/gcc/arm-none-eabi/7.2.1/../../../../arm-none-eabi/lib/thumb/v7e-m/fpv4-sp/softfp\libc_nano.a(lib_a-memset.o)
                              c:/siliconlabs/simplicitystudio/v4/developer/toolchains/gnu_arm/7.2_2017q4/bin/../lib/gcc/arm-none-eabi/7.2.1/../../../../arm-none-eabi/lib/thumb/v7e-m/fpv4-sp/softfp/crt0.o (memset)
c:/siliconlabs/simplicitystudio/v4/developer/toolchains/gnu_arm/7.2_2017q4/bin/../lib/gcc/arm-none-eabi/7.2.1/../../../../arm-none-eabi/lib/thumb/v7e-m/fpv4-sp/softfp\libc_nano.a(lib_a-printf.o)
                              ./e-paper/GxGDEP015OC1.o (printf)
c:/siliconlabs/simplicitystudio/v4/developer/toolchains/gnu_arm/7.2_2017q4/bin/../lib/gcc/arm-none-eabi/7.2.1/../../../../arm-none-eabi/lib/thumb/v7e-m/fpv4-sp/softfp\libc_nano.a(lib_a-setvbuf.o)
                              ./src/retargetserial.o (setvbuf)
c:/siliconlabs/simplicitystudio/v4/developer/toolchains/gnu_arm/7.2_2017q4/bin/../lib/gcc/arm-none-eabi/7.2.1/../../../../arm-none-eabi/lib/thumb/v7e-m/fpv4-sp/softfp\libc_nano.a(lib_a-vsnprintf.o)
                              ./src/main.o (vsnprintf)
c:/siliconlabs/simplicitystudio/v4/developer/toolchains/gnu_arm/7.2_2017q4/bin/../lib/gcc/arm-none-eabi/7.2.1/../../../../arm-none-eabi/lib/thumb/v7e-m/fpv4-sp/softfp\libc_nano.a(lib_a-fflush.o)
                              c:/siliconlabs/simplicitystudio/v4/developer/toolchains/gnu_arm/7.2_2017q4/bin/../lib/gcc/arm-none-eabi/7.2.1/../../../../arm-none-eabi/lib/thumb/v7e-m/fpv4-sp/softfp\libc_nano.a(lib_a-setvbuf.o) (_fflush_r)
c:/siliconlabs/simplicitystudio/v4/developer/toolchains/gnu_arm/7.2_2017q4/bin/../lib/gcc/arm-none-eabi/7.2.1/../../../../arm-none-eabi/lib/thumb/v7e-m/fpv4-sp/softfp\libc_nano.a(lib_a-findfp.o)
                              c:/siliconlabs/simplicitystudio/v4/developer/toolchains/gnu_arm/7.2_2017q4/bin/../lib/gcc/arm-none-eabi/7.2.1/../../../../arm-none-eabi/lib/thumb/v7e-m/fpv4-sp/softfp\libc_nano.a(lib_a-printf.o) (__sinit)
[...]
Memory Configuration

Name             Origin             Length             Attributes
FLASH            0x00000000         0x00100000         xr
RAM              0x20000000         0x00040000         xrw
*default*        0x00000000         0xffffffff

Linker script and memory map

LOAD c:/siliconlabs/simplicitystudio/v4/developer/toolchains/gnu_arm/7.2_2017q4/bin/../lib/gcc/arm-none-eabi/7.2.1/thumb/v7e-m/fpv4-sp/softfp/crti.o
LOAD c:/siliconlabs/simplicitystudio/v4/developer/toolchains/gnu_arm/7.2_2017q4/bin/../lib/gcc/arm-none-eabi/7.2.1/thumb/v7e-m/fpv4-sp/softfp/crtbegin.o
LOAD c:/siliconlabs/simplicitystudio/v4/developer/toolchains/gnu_arm/7.2_2017q4/bin/../lib/gcc/arm-none-eabi/7.2.1/../../../../arm-none-eabi/lib/thumb/v7e-m/fpv4-sp/softfp/crt0.o
LOAD ./CMSIS/EFR32MG12P/startup_efr32mg12p.o
LOAD ./CMSIS/EFR32MG12P/system_efr32mg12p.o
LOAD ./e-paper/Adafruit_GFX.o
LOAD ./e-paper/GxEPD.o
LOAD ./e-paper/GxFont_GFX.o
LOAD ./e-paper/GxGDEP015OC1.o
LOAD ./emlib/em_acmp.o
LOAD ./emlib/em_adc.o
LOAD ./emlib/em_aes.o
LOAD ./emlib/em_assert.o
LOAD ./emlib/em_burtc.o
LOAD ./emlib/em_can.o
LOAD ./emlib/em_cmu.o
LOAD ./emlib/em_core.o
LOAD ./emlib/em_cryotimer.o
LOAD ./emlib/em_crypto.o
LOAD ./emlib/em_csen.o
LOAD ./emlib/em_dac.o
LOAD ./emlib/em_dbg.o
LOAD ./emlib/em_dma.o
LOAD ./emlib/em_ebi.o
LOAD ./emlib/em_emu.o
LOAD ./emlib/em_gpcrc.o
LOAD ./emlib/em_gpio.o
LOAD ./emlib/em_i2c.o
LOAD ./emlib/em_idac.o
LOAD ./emlib/em_int.o
LOAD ./emlib/em_lcd.o
LOAD ./emlib/em_ldma.o
LOAD ./emlib/em_lesense.o
LOAD ./emlib/em_letimer.o
LOAD ./emlib/em_leuart.o
LOAD ./emlib/em_mpu.o
LOAD ./emlib/em_msc.o
LOAD ./emlib/em_opamp.o
LOAD ./emlib/em_pcnt.o
LOAD ./emlib/em_prs.o
LOAD ./emlib/em_qspi.o
LOAD ./emlib/em_rmu.o
LOAD ./emlib/em_rtc.o
LOAD ./emlib/em_rtcc.o
LOAD ./emlib/em_system.o
LOAD ./emlib/em_timer.o
LOAD ./emlib/em_usart.o
LOAD ./emlib/em_vcmp.o
LOAD ./emlib/em_vdac.o
LOAD ./emlib/em_wdog.o
LOAD ./fonts/glcdfont.o
LOAD ./logo-screen.o
LOAD ./src/bsp_trace.o
LOAD ./src/i2cspm.o
LOAD ./src/main.o
LOAD ./src/retargetio.o
LOAD ./src/retargetserial.o
LOAD ./src/si7013.o
LOAD ./src/udelay.o
LOAD ./src/ustimer.o
START GROUP
LOAD c:/siliconlabs/simplicitystudio/v4/developer/toolchains/gnu_arm/7.2_2017q4/bin/../lib/gcc/arm-none-eabi/7.2.1/thumb/v7e-m/fpv4-sp/softfp\libgcc.a
LOAD c:/siliconlabs/simplicitystudio/v4/developer/toolchains/gnu_arm/7.2_2017q4/bin/../lib/gcc/arm-none-eabi/7.2.1/../../../../arm-none-eabi/lib/thumb/v7e-m/fpv4-sp/softfp\libc_nano.a
LOAD c:/siliconlabs/simplicitystudio/v4/developer/toolchains/gnu_arm/7.2_2017q4/bin/../lib/gcc/arm-none-eabi/7.2.1/../../../../arm-none-eabi/lib/thumb/v7e-m/fpv4-sp/softfp\libnosys.a
END GROUP
START GROUP
LOAD c:/siliconlabs/simplicitystudio/v4/developer/toolchains/gnu_arm/7.2_2017q4/bin/../lib/gcc/arm-none-eabi/7.2.1/thumb/v7e-m/fpv4-sp/softfp\libgcc.a
LOAD c:/siliconlabs/simplicitystudio/v4/developer/toolchains/gnu_arm/7.2_2017q4/bin/../lib/gcc/arm-none-eabi/7.2.1/../../../../arm-none-eabi/lib/thumb/v7e-m/fpv4-sp/softfp\libg_nano.a
LOAD c:/siliconlabs/simplicitystudio/v4/developer/toolchains/gnu_arm/7.2_2017q4/bin/../lib/gcc/arm-none-eabi/7.2.1/../../../../arm-none-eabi/lib/thumb/v7e-m/fpv4-sp/softfp\libc_nano.a
END GROUP
START GROUP
LOAD c:/siliconlabs/simplicitystudio/v4/developer/toolchains/gnu_arm/7.2_2017q4/bin/../lib/gcc/arm-none-eabi/7.2.1/thumb/v7e-m/fpv4-sp/softfp\libgcc.a
LOAD c:/siliconlabs/simplicitystudio/v4/developer/toolchains/gnu_arm/7.2_2017q4/bin/../lib/gcc/arm-none-eabi/7.2.1/../../../../arm-none-eabi/lib/thumb/v7e-m/fpv4-sp/softfp\libc_nano.a
END GROUP
LOAD c:/siliconlabs/simplicitystudio/v4/developer/toolchains/gnu_arm/7.2_2017q4/bin/../lib/gcc/arm-none-eabi/7.2.1/thumb/v7e-m/fpv4-sp/softfp/crtend.o
LOAD c:/siliconlabs/simplicitystudio/v4/developer/toolchains/gnu_arm/7.2_2017q4/bin/../lib/gcc/arm-none-eabi/7.2.1/thumb/v7e-m/fpv4-sp/softfp/crtn.o

.text           0x00000000     0xd394
 *(.vectors)
 .vectors       0x00000000      0x10c ./CMSIS/EFR32MG12P/startup_efr32mg12p.o
                0x00000000                __Vectors
                0x0000010c                __Vectors_End = .
                0x0000010c                __Vectors_Size = (__Vectors_End - __Vectors)
                0x0000010c                __end__ = .
 *(.text*)
 .text          0x0000010c       0x40 c:/siliconlabs/simplicitystudio/v4/developer/toolchains/gnu_arm/7.2_2017q4/bin/../lib/gcc/arm-none-eabi/7.2.1/thumb/v7e-m/fpv4-sp/softfp/crtbegin.o
 .text          0x0000014c       0x74 c:/siliconlabs/simplicitystudio/v4/developer/toolchains/gnu_arm/7.2_2017q4/bin/../lib/gcc/arm-none-eabi/7.2.1/../../../../arm-none-eabi/lib/thumb/v7e-m/fpv4-sp/softfp/crt0.o
                0x0000014c                _start
                0x0000014c                _mainCRTStartup
 .text          0x000001c0       0x30 ./CMSIS/EFR32MG12P/startup_efr32mg12p.o
                0x000001c0                Reset_Handler
                0x000001ec                USART0_TX_IRQHandler
                0x000001ec                I2C0_IRQHandler
                0x000001ec                HardFault_Handler
                0x000001ec                SysTick_Handler
                0x000001ec                USART1_RX_IRQHandler
                0x000001ec                PendSV_Handler
                0x000001ec                NMI_Handler
                0x000001ec                SYNTH_IRQHandler
                0x000001ec                I2C1_IRQHandler
                0x000001ec                WTIMER0_IRQHandler
                0x000001ec                CRYPTO0_IRQHandler
                0x000001ec                WDOG0_IRQHandler
                0x000001ec                USART1_TX_IRQHandler
                0x000001ec                SMU_IRQHandler
                0x000001ec                MSC_IRQHandler
                0x000001ec                ADC0_IRQHandler
                0x000001ec                UsageFault_Handler
                0x000001ec                WDOG1_IRQHandler
                0x000001ec                LEUART0_IRQHandler
                0x000001ec                FPUEH_IRQHandler
                0x000001ec                WTIMER1_IRQHandler
                0x000001ec                GPIO_EVEN_IRQHandler
                0x000001ec                VDAC0_IRQHandler
                0x000001ec                LDMA_IRQHandler
                0x000001ec                CSEN_IRQHandler
                0x000001ec                CRYPTO1_IRQHandler
                0x000001ec                DebugMon_Handler
                0x000001ec                PCNT2_IRQHandler
                0x000001ec                LETIMER0_IRQHandler
                0x000001ec                TIMER1_IRQHandler
                0x000001ec                TRNG0_IRQHandler
                0x000001ec                RFSENSE_IRQHandler
                0x000001ec                BUFC_IRQHandler
                0x000001ec                MODEM_IRQHandler
                0x000001ec                USART2_RX_IRQHandler
                0x000001ec                Default_Handler
                0x000001ec                RAC_SEQ_IRQHandler
                0x000001ec                FRC_PRI_IRQHandler
                0x000001ec                EMU_IRQHandler
                0x000001ec                FRC_IRQHandler
                0x000001ec                CRYOTIMER_IRQHandler
                0x000001ec                PCNT0_IRQHandler
                0x000001ec                AGC_IRQHandler
                0x000001ec                PCNT1_IRQHandler
                0x000001ec                ACMP0_IRQHandler
                0x000001ec                MemManage_Handler
                0x000001ec                SVC_Handler
                0x000001ec                USART3_RX_IRQHandler
                0x000001ec                RTCC_IRQHandler
                0x000001ec                CMU_IRQHandler
                0x000001ec                RAC_RSM_IRQHandler
                0x000001ec                LESENSE_IRQHandler
                0x000001ec                GPIO_ODD_IRQHandler
                0x000001ec                USART3_TX_IRQHandler
                0x000001ec                PROTIMER_IRQHandler
                0x000001ec                BusFault_Handler
                0x000001ec                USART2_TX_IRQHandler
                0x000001ec                IDAC0_IRQHandler
 .text.SystemCoreClockGet
                0x000001f0       0x40 ./CMSIS/EFR32MG12P/system_efr32mg12p.o
                0x000001f0                SystemCoreClockGet
 .text.SystemHFClockGet
                0x00000230       0x70 ./CMSIS/EFR32MG12P/system_efr32mg12p.o
                0x00000230                SystemHFClockGet
 .text.SystemHFXOClockGet
                0x000002a0       0x18 ./CMSIS/EFR32MG12P/system_efr32mg12p.o
                0x000002a0                SystemHFXOClockGet
 .text.SystemInit
                0x000002b8       0x2c ./CMSIS/EFR32MG12P/system_efr32mg12p.o
                0x000002b8                SystemInit
 .text.SystemLFRCOClockGet
                0x000002e4       0x12 ./CMSIS/EFR32MG12P/system_efr32mg12p.o
                0x000002e4                SystemLFRCOClockGet
 .text.SystemULFRCOClockGet
                0x000002f6       0x12 ./CMSIS/EFR32MG12P/system_efr32mg12p.o
                0x000002f6                SystemULFRCOClockGet
 .text.SystemLFXOClockGet
                0x00000308       0x18 ./CMSIS/EFR32MG12P/system_efr32mg12p.o
                0x00000308                SystemLFXOClockGet
 .text.setCursor
                0x00000320       0x30 ./e-paper/Adafruit_GFX.o
                0x00000320                setCursor
 .text.setTextColor
                0x00000350       0x2c ./e-paper/Adafruit_GFX.o
                0x00000350                setTextColor
 .text.setFont  0x0000037c       0x60 ./e-paper/Adafruit_GFX.o
                0x0000037c                setFont
 .text.writePixel
                0x000003dc       0x2a ./e-paper/Adafruit_GFX.o
                0x000003dc                writePixel
 .text.writeLine
                0x00000406      0x146 ./e-paper/Adafruit_GFX.o
                0x00000406                writeLine
 .text.drawFastVLine
                0x0000054c       0x4a ./e-paper/Adafruit_GFX.o
                0x0000054c                drawFastVLine
 .text.writeFastVLine
                0x00000596       0x38 ./e-paper/Adafruit_GFX.o
                0x00000596                writeFastVLine
 .text.fillRect
                0x000005ce       0x5c ./e-paper/Adafruit_GFX.o
                0x000005ce                fillRect
 .text.writeFillRect
                0x0000062a       0x40 ./e-paper/Adafruit_GFX.o
                0x0000062a                writeFillRect
 .text.startWrite
                0x0000066a        0xe ./e-paper/Adafruit_GFX.o
                0x0000066a                startWrite
 .text.endWrite
                0x00000678        0xe ./e-paper/Adafruit_GFX.o
                0x00000678                endWrite
 *fill*         0x00000686        0x2 
 .text.drawChar
                0x00000688      0x3ec ./e-paper/Adafruit_GFX.o
                0x00000688                drawChar
 .text.GxEPD_drawBitmapBM
                0x00000a74      0x248 ./e-paper/GxEPD.o
                0x00000a74                GxEPD_drawBitmapBM
 .text.BUS_RegBitRead
                0x00000cbc       0x2a ./e-paper/GxGDEP015OC1.o
 .text.GPIO_PinInGet
                0x00000ce6       0x72 ./e-paper/GxGDEP015OC1.o
 .text.gx_uint16_min
                0x00000d58       0x28 ./e-paper/GxGDEP015OC1.o
                0x00000d58                gx_uint16_min
 .text.delay    0x00000d80       0x22 ./e-paper/GxGDEP015OC1.o
                0x00000d80                delay
 .text.WaitUntilIdle
                0x00000da2       0x1e ./e-paper/GxGDEP015OC1.o
                0x00000da2                WaitUntilIdle
 .text.spi_tx   0x00000dc0       0x3c ./e-paper/GxGDEP015OC1.o
                0x00000dc0                spi_tx
 .text.EPD_Reset
                0x00000dfc       0x2c ./e-paper/GxGDEP015OC1.o
                0x00000dfc                EPD_Reset
 .text.EPD_SendCommand
                0x00000e28       0x26 ./e-paper/GxGDEP015OC1.o
                0x00000e28                EPD_SendCommand
 .text.EpdSpiTransferCallback
                0x00000e4e       0x32 ./e-paper/GxGDEP015OC1.o
                0x00000e4e                EpdSpiTransferCallback
 .text.EPD_SendData
                0x00000e80       0x26 ./e-paper/GxGDEP015OC1.o
                0x00000e80                EPD_SendData
 .text.swap     0x00000ea6       0x2c ./e-paper/GxGDEP015OC1.o
                0x00000ea6                swap
 *fill*         0x00000ed2        0x2 
 .text.GxGDEP015OC1_drawPixel
                0x00000ed4      0x1e4 ./e-paper/GxGDEP015OC1.o
                0x00000ed4                GxGDEP015OC1_drawPixel
 .text.GxGDEP015OC1_init
                0x000010b8       0xf8 ./e-paper/GxGDEP015OC1.o
                0x000010b8                GxGDEP015OC1_init
 .text.GxGDEP015OC1_fillScreen
                0x000011b0       0x48 ./e-paper/GxGDEP015OC1.o
                0x000011b0                GxGDEP015OC1_fillScreen
 .text.update   0x000011f8       0xa4 ./e-paper/GxGDEP015OC1.o
                0x000011f8                update
 .text.GxGDEP015OC1_drawBitmap1
                0x0000129c       0x54 ./e-paper/GxGDEP015OC1.o
                0x0000129c                GxGDEP015OC1_drawBitmap1
 .text.GxGDEP015OC1_drawBitmap2
                0x000012f0      0x1b8 ./e-paper/GxGDEP015OC1.o
                0x000012f0                GxGDEP015OC1_drawBitmap2
 .text.updateWindow
                0x000014a8      0x240 ./e-paper/GxGDEP015OC1.o
                0x000014a8                updateWindow
 .text._writeCommandTransaction
                0x000016e8       0x4a ./e-paper/GxGDEP015OC1.o
                0x000016e8                _writeCommandTransaction
 .text._writeCommand
                0x00001732       0x1e ./e-paper/GxGDEP015OC1.o
                0x00001732                _writeCommand
 .text._writeDataTransaction
                0x00001750       0x32 ./e-paper/GxGDEP015OC1.o
                0x00001750                _writeDataTransaction
 .text._writeData
                0x00001782       0x1a ./e-paper/GxGDEP015OC1.o
                0x00001782                _writeData
 .text._startTransaction
                0x0000179c       0x14 ./e-paper/GxGDEP015OC1.o
                0x0000179c                _startTransaction
 .text._endTransaction
                0x000017b0       0x14 ./e-paper/GxGDEP015OC1.o
                0x000017b0                _endTransaction
 .text._writeCommandData
                0x000017c4       0x52 ./e-paper/GxGDEP015OC1.o
                0x000017c4                _writeCommandData
 *fill*         0x00001816        0x2 
 .text._setRamDataEntryMode
                0x00001818      0x134 ./e-paper/GxGDEP015OC1.o
                0x00001818                _setRamDataEntryMode
 .text._SetRamArea
                0x0000194c       0x62 ./e-paper/GxGDEP015OC1.o
                0x0000194c                _SetRamArea
 .text._SetRamPointer
                0x000019ae       0x3e ./e-paper/GxGDEP015OC1.o
                0x000019ae                _SetRamPointer
 .text._PowerOn
                0x000019ec       0x1e ./e-paper/GxGDEP015OC1.o
                0x000019ec                _PowerOn
 .text._PowerOff
                0x00001a0a       0x1e ./e-paper/GxGDEP015OC1.o
                0x00001a0a                _PowerOff
 .text._InitDisplay
                0x00001a28       0x58 ./e-paper/GxGDEP015OC1.o
                0x00001a28                _InitDisplay
 .text._Init_Full
                0x00001a80       0x2c ./e-paper/GxGDEP015OC1.o
                0x00001a80                _Init_Full
 .text._Init_Part
                0x00001aac       0x2c ./e-paper/GxGDEP015OC1.o
                0x00001aac                _Init_Part
 .text._Update_Full
                0x00001ad8       0x24 ./e-paper/GxGDEP015OC1.o
                0x00001ad8                _Update_Full
 .text._Update_Part
                0x00001afc       0x24 ./e-paper/GxGDEP015OC1.o
                0x00001afc                _Update_Part
 .text.drawPaged1
                0x00001b20       0xec ./e-paper/GxGDEP015OC1.o
                0x00001b20                drawPaged1
 .text._rotate  0x00001c0c       0xbc ./e-paper/GxGDEP015OC1.o
                0x00001c0c                _rotate
 .text.drawCornerTest
                0x00001cc8       0xac ./e-paper/GxGDEP015OC1.o
                0x00001cc8                drawCornerTest
 .text.BUS_RegBitWrite
                0x00001d74       0x2e ./emlib/em_cmu.o
 .text.CMU_Log2ToDiv
                0x00001da2       0x1c ./emlib/em_cmu.o
 *fill*         0x00001dbe        0x2 
 .text.auxClkGet
                0x00001dc0       0x20 ./emlib/em_cmu.o
 .text.hfSrcClkGet
                0x00001de0       0x2c ./emlib/em_cmu.o
 .text.dbgClkGet
                0x00001e0c       0x40 ./emlib/em_cmu.o
 .text.adcAsyncClkGet
                0x00001e4c       0x80 ./emlib/em_cmu.o
 .text.lfClkGet
                0x00001ecc       0xf4 ./emlib/em_cmu.o
 .text.syncReg  0x00001fc0       0x38 ./emlib/em_cmu.o
 .text.CMU_ClockEnable
                0x00001ff8       0xcc ./emlib/em_cmu.o
                0x00001ff8                CMU_ClockEnable
 .text.CMU_ClockFreqGet
                0x000020c4      0x1f4 ./emlib/em_cmu.o
                0x000020c4                CMU_ClockFreqGet
 .text.CMU_ClockSelectGet
                0x000022b8      0x1c0 ./emlib/em_cmu.o
                0x000022b8                CMU_ClockSelectGet
 .text.CORE_EnterAtomic
                0x00002478       0x20 ./emlib/em_core.o
                0x00002478                CORE_EnterAtomic
 .text.CORE_ExitAtomic
                0x00002498       0x1c ./emlib/em_core.o
                0x00002498                CORE_ExitAtomic
 .text.BUS_RegMaskedSet
                0x000024b4       0x24 ./emlib/em_gpio.o
 .text.BUS_RegMaskedClear
                0x000024d8       0x24 ./emlib/em_gpio.o
 .text.GPIO_PinOutClear
                0x000024fc       0x78 ./emlib/em_gpio.o
 .text.GPIO_PinOutSet
                0x00002574       0x78 ./emlib/em_gpio.o
 .text.GPIO_PinModeSet
                0x000025ec      0x138 ./emlib/em_gpio.o
                0x000025ec                GPIO_PinModeSet
 .text.TIMER_Valid
                0x00002724       0x50 ./emlib/em_timer.o
 .text.TIMER_Init
                0x00002774       0xdc ./emlib/em_timer.o
                0x00002774                TIMER_Init
 .text.TIMER_InitCC
                0x00002850       0x9e ./emlib/em_timer.o
                0x00002850                TIMER_InitCC
 *fill*         0x000028ee        0x2 
 .text.USART_BaudrateAsyncSet
                0x000028f0       0xb0 ./emlib/em_usart.o
                0x000028f0                USART_BaudrateAsyncSet
 .text.USART_BaudrateSyncSet
                0x000029a0       0x40 ./emlib/em_usart.o
                0x000029a0                USART_BaudrateSyncSet
 .text.USART_Enable
                0x000029e0       0x64 ./emlib/em_usart.o
                0x000029e0                USART_Enable
 .text.USART_InitAsync
                0x00002a44       0xf0 ./emlib/em_usart.o
                0x00002a44                USART_InitAsync
 .text.USART_InitSync
                0x00002b34      0x104 ./emlib/em_usart.o
                0x00002b34                USART_InitSync
 .text.USART_Reset
                0x00002c38       0xcc ./emlib/em_usart.o
                0x00002c38                USART_Reset
 .text.USART_Rx
                0x00002d04       0x28 ./emlib/em_usart.o
                0x00002d04                USART_Rx
 .text.USART_Tx
                0x00002d2c       0x2c ./emlib/em_usart.o
                0x00002d2c                USART_Tx
 .text.SYSTEM_GetProdRev
                0x00002d58       0x1c ./src/main.o
 .text.CHIP_Init
                0x00002d74       0x80 ./src/main.o
 .text.USART_IntClear
                0x00002df4       0x1c ./src/main.o
 .text.delay1   0x00002e10       0x22 ./src/main.o
                0x00002e10                delay1
 *fill*         0x00002e32        0x2 
 .text.initUSART2
                0x00002e34       0xe0 ./src/main.o
                0x00002e34                initUSART2
 .text.showBoat
                0x00002f14       0xdc ./src/main.o
                0x00002f14                showBoat
 .text.drawExampleBitmap1
                0x00002ff0       0x24 ./src/main.o
                0x00002ff0                drawExampleBitmap1
 .text.drawExampleBitmap2
                0x00003014       0x42 ./src/main.o
                0x00003014                drawExampleBitmap2
 *fill*         0x00003056        0x2 
 .text.showBitmapExample
                0x00003058       0x6c ./src/main.o
                0x00003058                showBitmapExample
 .text._print   0x000030c4       0xc8 ./src/main.o
                0x000030c4                _print
 .text.showFontCallback
                0x0000318c      0x150 ./src/main.o
                0x0000318c                showFontCallback
 .text.main     0x000032dc       0x7c ./src/main.o
                0x000032dc                main
 .text._close   0x00003358       0x16 ./src/retargetio.o
                0x00003358                _close
 .text._exit    0x0000336e        0xa ./src/retargetio.o
                0x0000336e                _exit
 .text._fstat   0x00003378       0x20 ./src/retargetio.o
                0x00003378                _fstat
 .text._isatty  0x00003398       0x16 ./src/retargetio.o
                0x00003398                _isatty
 .text._lseek   0x000033ae       0x1a ./src/retargetio.o
                0x000033ae                _lseek
 .text._read    0x000033c8       0x56 ./src/retargetio.o
                0x000033c8                _read
 *fill*         0x0000341e        0x2 
 .text._sbrk    0x00003420       0x40 ./src/retargetio.o
                0x00003420                _sbrk
 .text._write   0x00003460       0x38 ./src/retargetio.o
                0x00003460                _write
 .text.__NVIC_EnableIRQ
                0x00003498       0x3c ./src/retargetserial.o
 .text.__NVIC_ClearPendingIRQ
                0x000034d4       0x3c ./src/retargetserial.o
 .text.USART_IntClear
                0x00003510       0x1c ./src/retargetserial.o
 .text.USART_IntDisable
                0x0000352c       0x24 ./src/retargetserial.o
 .text.USART_IntEnable
                0x00003550       0x22 ./src/retargetserial.o
 *fill*         0x00003572        0x2 
 .text.disableRxInterrupt
                0x00003574       0x14 ./src/retargetserial.o
 .text.enableRxInterrupt
                0x00003588       0x14 ./src/retargetserial.o
 .text.USART0_RX_IRQHandler
                0x0000359c       0x68 ./src/retargetserial.o
                0x0000359c                USART0_RX_IRQHandler
 .text.RETARGET_SerialCrLf
                0x00003604       0x2c ./src/retargetserial.o
                0x00003604                RETARGET_SerialCrLf
 .text.RETARGET_SerialInit
                0x00003630       0xd0 ./src/retargetserial.o
                0x00003630                RETARGET_SerialInit
 .text.RETARGET_ReadChar
                0x00003700       0x80 ./src/retargetserial.o
                0x00003700                RETARGET_ReadChar
 .text.RETARGET_WriteChar
                0x00003780       0x68 ./src/retargetserial.o
                0x00003780                RETARGET_WriteChar
 .text.__NVIC_EnableIRQ
                0x000037e8       0x3c ./src/ustimer.o
 .text.__NVIC_ClearPendingIRQ
                0x00003824       0x3c ./src/ustimer.o
 .text.EMU_EnterEM1
                0x00003860       0x20 ./src/ustimer.o
 .text.TIMER_MaxCount
                0x00003880       0x38 ./src/ustimer.o
 .text.TIMER_CompareSet
                0x000038b8       0x2a ./src/ustimer.o
 .text.TIMER_CounterGet
                0x000038e2       0x18 ./src/ustimer.o
 .text.TIMER_IntClear
                0x000038fa       0x1c ./src/ustimer.o
 .text.TIMER_IntDisable
                0x00003916       0x24 ./src/ustimer.o
 .text.TIMER_IntEnable
                0x0000393a       0x22 ./src/ustimer.o
 .text.TIMER_IntGet
                0x0000395c       0x18 ./src/ustimer.o
 .text.TIMER_TopSet
                0x00003974       0x1e ./src/ustimer.o
 *fill*         0x00003992        0x2 
 .text.USTIMER_Init
                0x00003994      0x12c ./src/ustimer.o
                0x00003994                USTIMER_Init
 .text.USTIMER_Delay
                0x00003ac0       0xa0 ./src/ustimer.o
                0x00003ac0                USTIMER_Delay
 .text.TIMER0_IRQHandler
                0x00003b60       0x38 ./src/ustimer.o
                0x00003b60                TIMER0_IRQHandler
 .text.DelayTicksEM1
                0x00003b98       0x90 ./src/ustimer.o
 .text          0x00003c28       0x30 c:/siliconlabs/simplicitystudio/v4/developer/toolchains/gnu_arm/7.2_2017q4/bin/../lib/gcc/arm-none-eabi/7.2.1/thumb/v7e-m/fpv4-sp/softfp\libgcc.a(_aeabi_uldivmod.o)
                0x00003c28                __aeabi_uldivmod
 .text          0x00003c58      0x2cc c:/siliconlabs/simplicitystudio/v4/developer/toolchains/gnu_arm/7.2_2017q4/bin/../lib/gcc/arm-none-eabi/7.2.1/thumb/v7e-m/fpv4-sp/softfp\libgcc.a(_udivmoddi4.o)
                0x00003c58                __udivmoddi4
 .text          0x00003f24        0x4 c:/siliconlabs/simplicitystudio/v4/developer/toolchains/gnu_arm/7.2_2017q4/bin/../lib/gcc/arm-none-eabi/7.2.1/thumb/v7e-m/fpv4-sp/softfp\libgcc.a(_dvmd_tls.o)
                0x00003f24                __aeabi_idiv0
                0x00003f24                __aeabi_ldiv0
 .text.abs      0x00003f28        0x8 c:/siliconlabs/simplicitystudio/v4/developer/toolchains/gnu_arm/7.2_2017q4/bin/../lib/gcc/arm-none-eabi/7.2.1/../../../../arm-none-eabi/lib/thumb/v7e-m/fpv4-sp/softfp\libc_nano.a(lib_a-abs.o)
                0x00003f28                abs
 .text.exit     0x00003f30       0x28 c:/siliconlabs/simplicitystudio/v4/developer/toolchains/gnu_arm/7.2_2017q4/bin/../lib/gcc/arm-none-eabi/7.2.1/../../../../arm-none-eabi/lib/thumb/v7e-m/fpv4-sp/softfp\libc_nano.a(lib_a-exit.o)
                0x00003f30                exit
 .text.__libc_init_array
                0x00003f58       0x48 c:/siliconlabs/simplicitystudio/v4/developer/toolchains/gnu_arm/7.2_2017q4/bin/../lib/gcc/arm-none-eabi/7.2.1/../../../../arm-none-eabi/lib/thumb/v7e-m/fpv4-sp/softfp\libc_nano.a(lib_a-init.o)
                0x00003f58                __libc_init_array
 .text.memcpy   0x00003fa0       0x16 c:/siliconlabs/simplicitystudio/v4/developer/toolchains/gnu_arm/7.2_2017q4/bin/../lib/gcc/arm-none-eabi/7.2.1/../../../../arm-none-eabi/lib/thumb/v7e-m/fpv4-sp/softfp\libc_nano.a(lib_a-memcpy-stub.o)
                0x00003fa0                memcpy
 .text.memset   0x00003fb6       0x10 c:/siliconlabs/simplicitystudio/v4/developer/toolchains/gnu_arm/7.2_2017q4/bin/../lib/gcc/arm-none-eabi/7.2.1/../../../../arm-none-eabi/lib/thumb/v7e-m/fpv4-sp/softfp\libc_nano.a(lib_a-memset.o)
                0x00003fb6                memset
 *fill*         0x00003fc6        0x2 
 .text.printf   0x00003fc8       0x30 c:/siliconlabs/simplicitystudio/v4/developer/toolchains/gnu_arm/7.2_2017q4/bin/../lib/gcc/arm-none-eabi/7.2.1/../../../../arm-none-eabi/lib/thumb/v7e-m/fpv4-sp/softfp\libc_nano.a(lib_a-printf.o)
                0x00003fc8                iprintf
                0x00003fc8                printf
 .text.setvbuf  0x00003ff8      0x15c c:/siliconlabs/simplicitystudio/v4/developer/toolchains/gnu_arm/7.2_2017q4/bin/../lib/gcc/arm-none-eabi/7.2.1/../../../../arm-none-eabi/lib/thumb/v7e-m/fpv4-sp/softfp\libc_nano.a(lib_a-setvbuf.o)
                0x00003ff8                setvbuf
 .text._vsnprintf_r
                0x00004154       0x58 c:/siliconlabs/simplicitystudio/v4/developer/toolchains/gnu_arm/7.2_2017q4/bin/../lib/gcc/arm-none-eabi/7.2.1/../../../../arm-none-eabi/lib/thumb/v7e-m/fpv4-sp/softfp\libc_nano.a(lib_a-vsnprintf.o)
                0x00004154                _vsniprintf_r
                0x00004154                _vsnprintf_r
 .text.vsnprintf
                0x000041ac       0x1c c:/siliconlabs/simplicitystudio/v4/developer/toolchains/gnu_arm/7.2_2017q4/bin/../lib/gcc/arm-none-eabi/7.2.1/../../../../arm-none-eabi/lib/thumb/v7e-m/fpv4-sp/softfp\libc_nano.a(lib_a-vsnprintf.o)
                0x000041ac                vsniprintf
                0x000041ac                vsnprintf
 .text.__sflush_r
                0x000041c8      0x10c c:/siliconlabs/simplicitystudio/v4/developer/toolchains/gnu_arm/7.2_2017q4/bin/../lib/gcc/arm-none-eabi/7.2.1/../../../../arm-none-eabi/lib/thumb/v7e-m/fpv4-sp/softfp\libc_nano.a(lib_a-fflush.o)
                0x000041c8                __sflush_r
 .text._fflush_r
                0x000042d4       0x54 c:/siliconlabs/simplicitystudio/v4/developer/toolchains/gnu_arm/7.2_2017q4/bin/../lib/gcc/arm-none-eabi/7.2.1/../../../../arm-none-eabi/lib/thumb/v7e-m/fpv4-sp/softfp\libc_nano.a(lib_a-fflush.o)
                0x000042d4                _fflush_r
 .text.std      0x00004328       0x48 c:/siliconlabs/simplicitystudio/v4/developer/toolchains/gnu_arm/7.2_2017q4/bin/../lib/gcc/arm-none-eabi/7.2.1/../../../../arm-none-eabi/lib/thumb/v7e-m/fpv4-sp/softfp\libc_nano.a(lib_a-findfp.o)
 .text._cleanup_r
                0x00004370        0xc c:/siliconlabs/simplicitystudio/v4/developer/toolchains/gnu_arm/7.2_2017q4/bin/../lib/gcc/arm-none-eabi/7.2.1/../../../../arm-none-eabi/lib/thumb/v7e-m/fpv4-sp/softfp\libc_nano.a(lib_a-findfp.o)
                0x00004370                _cleanup_r
 .text.__sfmoreglue
                0x0000437c       0x2c c:/siliconlabs/simplicitystudio/v4/developer/toolchains/gnu_arm/7.2_2017q4/bin/../lib/gcc/arm-none-eabi/7.2.1/../../../../arm-none-eabi/lib/thumb/v7e-m/fpv4-sp/softfp\libc_nano.a(lib_a-findfp.o)
                0x0000437c                __sfmoreglue
 .text.__sinit  0x000043a8       0x60 c:/siliconlabs/simplicitystudio/v4/developer/toolchains/gnu_arm/7.2_2017q4/bin/../lib/gcc/arm-none-eabi/7.2.1/../../../../arm-none-eabi/lib/thumb/v7e-m/fpv4-sp/softfp\libc_nano.a(lib_a-findfp.o)
                0x000043a8                __sinit
 .text.__sfp    0x00004408       0x78 c:/siliconlabs/simplicitystudio/v4/developer/toolchains/gnu_arm/7.2_2017q4/bin/../lib/gcc/arm-none-eabi/7.2.1/../../../../arm-none-eabi/lib/thumb/v7e-m/fpv4-sp/softfp\libc_nano.a(lib_a-findfp.o)
                0x00004408                __sfp
 .text._fwalk_reent
                0x00004480       0x3c c:/siliconlabs/simplicitystudio/v4/developer/toolchains/gnu_arm/7.2_2017q4/bin/../lib/gcc/arm-none-eabi/7.2.1/../../../../arm-none-eabi/lib/thumb/v7e-m/fpv4-sp/softfp\libc_nano.a(lib_a-fwalk.o)
                0x00004480                _fwalk_reent
 .text.__swhatbuf_r
                0x000044bc       0x48 c:/siliconlabs/simplicitystudio/v4/developer/toolchains/gnu_arm/7.2_2017q4/bin/../lib/gcc/arm-none-eabi/7.2.1/../../../../arm-none-eabi/lib/thumb/v7e-m/fpv4-sp/softfp\libc_nano.a(lib_a-makebuf.o)
                0x000044bc                __swhatbuf_r
 .text.__smakebuf_r
                0x00004504       0x80 c:/siliconlabs/simplicitystudio/v4/developer/toolchains/gnu_arm/7.2_2017q4/bin/../lib/gcc/arm-none-eabi/7.2.1/../../../../arm-none-eabi/lib/thumb/v7e-m/fpv4-sp/softfp\libc_nano.a(lib_a-makebuf.o)
                0x00004504                __smakebuf_r
 .text.malloc   0x00004584       0x10 c:/siliconlabs/simplicitystudio/v4/developer/toolchains/gnu_arm/7.2_2017q4/bin/../lib/gcc/arm-none-eabi/7.2.1/../../../../arm-none-eabi/lib/thumb/v7e-m/fpv4-sp/softfp\libc_nano.a(lib_a-malloc.o)
                0x00004584                malloc
 .text._free_r  0x00004594       0x9c c:/siliconlabs/simplicitystudio/v4/developer/toolchains/gnu_arm/7.2_2017q4/bin/../lib/gcc/arm-none-eabi/7.2.1/../../../../arm-none-eabi/lib/thumb/v7e-m/fpv4-sp/softfp\libc_nano.a(lib_a-nano-freer.o)
                0x00004594                _free_r
 .text._malloc_r
                0x00004630       0xb4 c:/siliconlabs/simplicitystudio/v4/developer/toolchains/gnu_arm/7.2_2017q4/bin/../lib/gcc/arm-none-eabi/7.2.1/../../../../arm-none-eabi/lib/thumb/v7e-m/fpv4-sp/softfp\libc_nano.a(lib_a-nano-mallocr.o)
                0x00004630                _malloc_r
 .text.__ssputs_r
                0x000046e4       0xb4 c:/siliconlabs/simplicitystudio/v4/developer/toolchains/gnu_arm/7.2_2017q4/bin/../lib/gcc/arm-none-eabi/7.2.1/../../../../arm-none-eabi/lib/thumb/v7e-m/fpv4-sp/softfp\libc_nano.a(lib_a-nano-svfprintf.o)
                0x000046e4                __ssputs_r
 .text._svfprintf_r
                0x00004798      0x1ec c:/siliconlabs/simplicitystudio/v4/developer/toolchains/gnu_arm/7.2_2017q4/bin/../lib/gcc/arm-none-eabi/7.2.1/../../../../arm-none-eabi/lib/thumb/v7e-m/fpv4-sp/softfp\libc_nano.a(lib_a-nano-svfprintf.o)
                0x00004798                _svfiprintf_r
                0x00004798                _svfprintf_r
 .text.__sfputc_r
                0x00004984       0x2e c:/siliconlabs/simplicitystudio/v4/developer/toolchains/gnu_arm/7.2_2017q4/bin/../lib/gcc/arm-none-eabi/7.2.1/../../../../arm-none-eabi/lib/thumb/v7e-m/fpv4-sp/softfp\libc_nano.a(lib_a-nano-vfprintf.o)
 .text.__sfputs_r
                0x000049b2       0x24 c:/siliconlabs/simplicitystudio/v4/developer/toolchains/gnu_arm/7.2_2017q4/bin/../lib/gcc/arm-none-eabi/7.2.1/../../../../arm-none-eabi/lib/thumb/v7e-m/fpv4-sp/softfp\libc_nano.a(lib_a-nano-vfprintf.o)
                0x000049b2                __sfputs_r
 *fill*         0x000049d6        0x2 
 .text._vfprintf_r
                0x000049d8      0x228 c:/siliconlabs/simplicitystudio/v4/developer/toolchains/gnu_arm/7.2_2017q4/bin/../lib/gcc/arm-none-eabi/7.2.1/../../../../arm-none-eabi/lib/thumb/v7e-m/fpv4-sp/softfp\libc_nano.a(lib_a-nano-vfprintf.o)
                0x000049d8                _vfprintf_r
                0x000049d8                _vfiprintf_r
 .text._printf_common
                0x00004c00       0xea c:/siliconlabs/simplicitystudio/v4/developer/toolchains/gnu_arm/7.2_2017q4/bin/../lib/gcc/arm-none-eabi/7.2.1/../../../../arm-none-eabi/lib/thumb/v7e-m/fpv4-sp/softfp\libc_nano.a(lib_a-nano-vfprintf_i.o)
                0x00004c00                _printf_common
 *fill*         0x00004cea        0x2 
 .text._printf_i
                0x00004cec      0x224 c:/siliconlabs/simplicitystudio/v4/developer/toolchains/gnu_arm/7.2_2017q4/bin/../lib/gcc/arm-none-eabi/7.2.1/../../../../arm-none-eabi/lib/thumb/v7e-m/fpv4-sp/softfp\libc_nano.a(lib_a-nano-vfprintf_i.o)
                0x00004cec                _printf_i
 .text._sbrk_r  0x00004f10       0x20 c:/siliconlabs/simplicitystudio/v4/developer/toolchains/gnu_arm/7.2_2017q4/bin/../lib/gcc/arm-none-eabi/7.2.1/../../../../arm-none-eabi/lib/thumb/v7e-m/fpv4-sp/softfp\libc_nano.a(lib_a-sbrkr.o)
                0x00004f10                _sbrk_r
 .text.__sread  0x00004f30       0x22 c:/siliconlabs/simplicitystudio/v4/developer/toolchains/gnu_arm/7.2_2017q4/bin/../lib/gcc/arm-none-eabi/7.2.1/../../../../arm-none-eabi/lib/thumb/v7e-m/fpv4-sp/softfp\libc_nano.a(lib_a-stdio.o)
                0x00004f30                __sread
 .text.__swrite
                0x00004f52       0x38 c:/siliconlabs/simplicitystudio/v4/developer/toolchains/gnu_arm/7.2_2017q4/bin/../lib/gcc/arm-none-eabi/7.2.1/../../../../arm-none-eabi/lib/thumb/v7e-m/fpv4-sp/softfp\libc_nano.a(lib_a-stdio.o)
                0x00004f52                __swrite
 .text.__sseek  0x00004f8a       0x24 c:/siliconlabs/simplicitystudio/v4/developer/toolchains/gnu_arm/7.2_2017q4/bin/../lib/gcc/arm-none-eabi/7.2.1/../../../../arm-none-eabi/lib/thumb/v7e-m/fpv4-sp/softfp\libc_nano.a(lib_a-stdio.o)
                0x00004f8a                __sseek
 .text.__sclose
                0x00004fae        0x8 c:/siliconlabs/simplicitystudio/v4/developer/toolchains/gnu_arm/7.2_2017q4/bin/../lib/gcc/arm-none-eabi/7.2.1/../../../../arm-none-eabi/lib/thumb/v7e-m/fpv4-sp/softfp\libc_nano.a(lib_a-stdio.o)
                0x00004fae                __sclose
 *fill*         0x00004fb6        0x2 
 .text.__swbuf_r
                0x00004fb8       0xa4 c:/siliconlabs/simplicitystudio/v4/developer/toolchains/gnu_arm/7.2_2017q4/bin/../lib/gcc/arm-none-eabi/7.2.1/../../../../arm-none-eabi/lib/thumb/v7e-m/fpv4-sp/softfp\libc_nano.a(lib_a-wbuf.o)
                0x00004fb8                __swbuf_r
 .text._write_r
                0x0000505c       0x24 c:/siliconlabs/simplicitystudio/v4/developer/toolchains/gnu_arm/7.2_2017q4/bin/../lib/gcc/arm-none-eabi/7.2.1/../../../../arm-none-eabi/lib/thumb/v7e-m/fpv4-sp/softfp\libc_nano.a(lib_a-writer.o)
                0x0000505c                _write_r
 .text.__swsetup_r
                0x00005080       0xdc c:/siliconlabs/simplicitystudio/v4/developer/toolchains/gnu_arm/7.2_2017q4/bin/../lib/gcc/arm-none-eabi/7.2.1/../../../../arm-none-eabi/lib/thumb/v7e-m/fpv4-sp/softfp\libc_nano.a(lib_a-wsetup.o)
                0x00005080                __swsetup_r
 .text._close_r
                0x0000515c       0x20 c:/siliconlabs/simplicitystudio/v4/developer/toolchains/gnu_arm/7.2_2017q4/bin/../lib/gcc/arm-none-eabi/7.2.1/../../../../arm-none-eabi/lib/thumb/v7e-m/fpv4-sp/softfp\libc_nano.a(lib_a-closer.o)
                0x0000515c                _close_r
 .text._fstat_r
                0x0000517c       0x24 c:/siliconlabs/simplicitystudio/v4/developer/toolchains/gnu_arm/7.2_2017q4/bin/../lib/gcc/arm-none-eabi/7.2.1/../../../../arm-none-eabi/lib/thumb/v7e-m/fpv4-sp/softfp\libc_nano.a(lib_a-fstatr.o)
                0x0000517c                _fstat_r
 .text._isatty_r
                0x000051a0       0x20 c:/siliconlabs/simplicitystudio/v4/developer/toolchains/gnu_arm/7.2_2017q4/bin/../lib/gcc/arm-none-eabi/7.2.1/../../../../arm-none-eabi/lib/thumb/v7e-m/fpv4-sp/softfp\libc_nano.a(lib_a-isattyr.o)
                0x000051a0                _isatty_r
 .text._lseek_r
                0x000051c0       0x24 c:/siliconlabs/simplicitystudio/v4/developer/toolchains/gnu_arm/7.2_2017q4/bin/../lib/gcc/arm-none-eabi/7.2.1/../../../../arm-none-eabi/lib/thumb/v7e-m/fpv4-sp/softfp\libc_nano.a(lib_a-lseekr.o)
                0x000051c0                _lseek_r
 *fill*         0x000051e4        0xc 
 .text          0x000051f0       0xa0 c:/siliconlabs/simplicitystudio/v4/developer/toolchains/gnu_arm/7.2_2017q4/bin/../lib/gcc/arm-none-eabi/7.2.1/../../../../arm-none-eabi/lib/thumb/v7e-m/fpv4-sp/softfp\libc_nano.a(lib_a-memchr.o)
                0x000051f0                memchr
 .text.memmove  0x00005290       0x32 c:/siliconlabs/simplicitystudio/v4/developer/toolchains/gnu_arm/7.2_2017q4/bin/../lib/gcc/arm-none-eabi/7.2.1/../../../../arm-none-eabi/lib/thumb/v7e-m/fpv4-sp/softfp\libc_nano.a(lib_a-memmove.o)
                0x00005290                memmove
 .text.__malloc_lock
                0x000052c2        0x2 c:/siliconlabs/simplicitystudio/v4/developer/toolchains/gnu_arm/7.2_2017q4/bin/../lib/gcc/arm-none-eabi/7.2.1/../../../../arm-none-eabi/lib/thumb/v7e-m/fpv4-sp/softfp\libc_nano.a(lib_a-mlock.o)
                0x000052c2                __malloc_lock
 .text.__malloc_unlock
                0x000052c4        0x2 c:/siliconlabs/simplicitystudio/v4/developer/toolchains/gnu_arm/7.2_2017q4/bin/../lib/gcc/arm-none-eabi/7.2.1/../../../../arm-none-eabi/lib/thumb/v7e-m/fpv4-sp/softfp\libc_nano.a(lib_a-mlock.o)
                0x000052c4                __malloc_unlock
 .text._realloc_r
                0x000052c6       0x4c c:/siliconlabs/simplicitystudio/v4/developer/toolchains/gnu_arm/7.2_2017q4/bin/../lib/gcc/arm-none-eabi/7.2.1/../../../../arm-none-eabi/lib/thumb/v7e-m/fpv4-sp/softfp\libc_nano.a(lib_a-nano-reallocr.o)
                0x000052c6                _realloc_r
 *fill*         0x00005312        0x2 
 .text._read_r  0x00005314       0x24 c:/siliconlabs/simplicitystudio/v4/developer/toolchains/gnu_arm/7.2_2017q4/bin/../lib/gcc/arm-none-eabi/7.2.1/../../../../arm-none-eabi/lib/thumb/v7e-m/fpv4-sp/softfp\libc_nano.a(lib_a-readr.o)
                0x00005314                _read_r
 .text._malloc_usable_size_r
                0x00005338       0x10 c:/siliconlabs/simplicitystudio/v4/developer/toolchains/gnu_arm/7.2_2017q4/bin/../lib/gcc/arm-none-eabi/7.2.1/../../../../arm-none-eabi/lib/thumb/v7e-m/fpv4-sp/softfp\libc_nano.a(lib_a-nano-msizer.o)
                0x00005338                _malloc_usable_size_r
 *(.init)
 .init          0x00005348        0x4 c:/siliconlabs/simplicitystudio/v4/developer/toolchains/gnu_arm/7.2_2017q4/bin/../lib/gcc/arm-none-eabi/7.2.1/thumb/v7e-m/fpv4-sp/softfp/crti.o
                0x00005348                _init
 .init          0x0000534c        0x8 c:/siliconlabs/simplicitystudio/v4/developer/toolchains/gnu_arm/7.2_2017q4/bin/../lib/gcc/arm-none-eabi/7.2.1/thumb/v7e-m/fpv4-sp/softfp/crtn.o
 *(.fini)
 .fini          0x00005354        0x4 c:/siliconlabs/simplicitystudio/v4/developer/toolchains/gnu_arm/7.2_2017q4/bin/../lib/gcc/arm-none-eabi/7.2.1/thumb/v7e-m/fpv4-sp/softfp/crti.o
                0x00005354                _fini
 .fini          0x00005358        0x8 c:/siliconlabs/simplicitystudio/v4/developer/toolchains/gnu_arm/7.2_2017q4/bin/../lib/gcc/arm-none-eabi/7.2.1/thumb/v7e-m/fpv4-sp/softfp/crtn.o
 *crtbegin.o(.ctors)
 *crtbegin?.o(.ctors)
 *(EXCLUDE_FILE(*crtend.o *crtend?.o) .ctors)
 *(SORT_BY_NAME(.ctors.*))
 *(.ctors)
 *crtbegin.o(.dtors)
 *crtbegin?.o(.dtors)
 *(EXCLUDE_FILE(*crtend.o *crtend?.o) .dtors)
 *(SORT_BY_NAME(.dtors.*))
 *(.dtors)
 *(.rodata*)
 .rodata.font   0x00005360      0x500 ./e-paper/Adafruit_GFX.o
 .rodata.GDOControl
                0x00005860        0x4 ./e-paper/GxGDEP015OC1.o
                0x00005860                GDOControl
 .rodata.softstart
                0x00005864        0x4 ./e-paper/GxGDEP015OC1.o
                0x00005864                softstart
 .rodata.VCOMVol
                0x00005868        0x2 ./e-paper/GxGDEP015OC1.o
                0x00005868                VCOMVol
 *fill*         0x0000586a        0x2 
 .rodata.DummyLine
                0x0000586c        0x2 ./e-paper/GxGDEP015OC1.o
                0x0000586c                DummyLine
 *fill*         0x0000586e        0x2 
 .rodata.Gatetime
                0x00005870        0x2 ./e-paper/GxGDEP015OC1.o
                0x00005870                Gatetime
 *fill*         0x00005872        0x2 
 .rodata.LUTDefault_full
                0x00005874       0x1f ./e-paper/GxGDEP015OC1.o
                0x00005874                LUTDefault_full
 *fill*         0x00005893        0x1 
 .rodata.LUTDefault_part
                0x00005894       0x1f ./e-paper/GxGDEP015OC1.o
                0x00005894                LUTDefault_part
 *fill*         0x000058b3        0x1 
 .rodata        0x000058b4       0x2e ./e-paper/GxGDEP015OC1.o
 *fill*         0x000058e2        0x2 
 .rodata.logo   0x000058e4     0x1388 ./src/main.o
                0x000058e4                logo
 .rodata.first  0x00006c6c     0x1388 ./src/main.o
                0x00006c6c                first
 .rodata.gImage_IMG_0001
                0x00007ff4      0x5a0 ./src/main.o
                0x00007ff4                gImage_IMG_0001
 .rodata.FreeMono12pt7bBitmaps
                0x00008594      0x5b4 ./src/main.o
                0x00008594                FreeMono12pt7bBitmaps
 .rodata.FreeMono12pt7bGlyphs
                0x00008b48      0x2f8 ./src/main.o
                0x00008b48                FreeMono12pt7bGlyphs
 .rodata.FreeMono12pt7b
                0x00008e40        0xc ./src/main.o
                0x00008e40                FreeMono12pt7b
 .rodata.FreeMonoBold12pt7bBitmaps
                0x00008e4c      0x6c2 ./src/main.o
                0x00008e4c                FreeMonoBold12pt7bBitmaps
 *fill*         0x0000950e        0x2 
 .rodata.FreeMonoBold12pt7bGlyphs
                0x00009510      0x2f8 ./src/main.o
                0x00009510                FreeMonoBold12pt7bGlyphs
 .rodata.FreeMonoBold12pt7b
                0x00009808        0xc ./src/main.o
                0x00009808                FreeMonoBold12pt7b
 .rodata.Segment7Normal18pt7bBitmaps
                0x00009814     0x21ed ./src/main.o
                0x00009814                Segment7Normal18pt7bBitmaps
 *fill*         0x0000ba01        0x3 
 .rodata.Segment7Normal18pt7bGlyphs
                0x0000ba04      0x2f8 ./src/main.o
                0x0000ba04                Segment7Normal18pt7bGlyphs
 .rodata.Segment7Normal18pt7b
                0x0000bcfc        0xc ./src/main.o
                0x0000bcfc                Segment7Normal18pt7b
 .rodata.FreeSans12pt7bBitmaps
                0x0000bd08      0x7b1 ./src/main.o
                0x0000bd08                FreeSans12pt7bBitmaps
 *fill*         0x0000c4b9        0x3 
 .rodata.FreeSans12pt7bGlyphs
                0x0000c4bc      0x2f8 ./src/main.o
                0x0000c4bc                FreeSans12pt7bGlyphs
 .rodata.FreeSans12pt7b
                0x0000c7b4        0xc ./src/main.o
                0x0000c7b4                FreeSans12pt7b
 .rodata.FreeSerif12pt7bBitmaps
                0x0000c7c0      0x72f ./src/main.o
                0x0000c7c0                FreeSerif12pt7bBitmaps
 *fill*         0x0000ceef        0x1 
 .rodata.FreeSerif12pt7bGlyphs
                0x0000cef0      0x2f8 ./src/main.o
                0x0000cef0                FreeSerif12pt7bGlyphs
 .rodata.FreeSerif12pt7b
                0x0000d1e8        0xc ./src/main.o
                0x0000d1e8                FreeSerif12pt7b
 .rodata        0x0000d1f4       0xe6 ./src/main.o
 *fill*         0x0000d2da        0x2 
 .rodata        0x0000d2dc       0x1c ./src/retargetserial.o
 .rodata._global_impure_ptr
                0x0000d2f8        0x4 c:/siliconlabs/simplicitystudio/v4/developer/toolchains/gnu_arm/7.2_2017q4/bin/../lib/gcc/arm-none-eabi/7.2.1/../../../../arm-none-eabi/lib/thumb/v7e-m/fpv4-sp/softfp\libc_nano.a(lib_a-impure.o)
                0x0000d2f8                _global_impure_ptr
 .rodata.__sf_fake_stderr
                0x0000d2fc       0x20 c:/siliconlabs/simplicitystudio/v4/developer/toolchains/gnu_arm/7.2_2017q4/bin/../lib/gcc/arm-none-eabi/7.2.1/../../../../arm-none-eabi/lib/thumb/v7e-m/fpv4-sp/softfp\libc_nano.a(lib_a-findfp.o)
                0x0000d2fc                __sf_fake_stderr
 .rodata.__sf_fake_stdin
                0x0000d31c       0x20 c:/siliconlabs/simplicitystudio/v4/developer/toolchains/gnu_arm/7.2_2017q4/bin/../lib/gcc/arm-none-eabi/7.2.1/../../../../arm-none-eabi/lib/thumb/v7e-m/fpv4-sp/softfp\libc_nano.a(lib_a-findfp.o)
                0x0000d31c                __sf_fake_stdin
 .rodata.__sf_fake_stdout
                0x0000d33c       0x20 c:/siliconlabs/simplicitystudio/v4/developer/toolchains/gnu_arm/7.2_2017q4/bin/../lib/gcc/arm-none-eabi/7.2.1/../../../../arm-none-eabi/lib/thumb/v7e-m/fpv4-sp/softfp\libc_nano.a(lib_a-findfp.o)
                0x0000d33c                __sf_fake_stdout
 .rodata._svfprintf_r.str1.1
                0x0000d35c       0x11 c:/siliconlabs/simplicitystudio/v4/developer/toolchains/gnu_arm/7.2_2017q4/bin/../lib/gcc/arm-none-eabi/7.2.1/../../../../arm-none-eabi/lib/thumb/v7e-m/fpv4-sp/softfp\libc_nano.a(lib_a-nano-svfprintf.o)
 .rodata._vfprintf_r.str1.1
                0x0000d36d       0x11 c:/siliconlabs/simplicitystudio/v4/developer/toolchains/gnu_arm/7.2_2017q4/bin/../lib/gcc/arm-none-eabi/7.2.1/../../../../arm-none-eabi/lib/thumb/v7e-m/fpv4-sp/softfp\libc_nano.a(lib_a-nano-vfprintf.o)
 .rodata._printf_i.str1.1
                0x0000d36d       0x22 c:/siliconlabs/simplicitystudio/v4/developer/toolchains/gnu_arm/7.2_2017q4/bin/../lib/gcc/arm-none-eabi/7.2.1/../../../../arm-none-eabi/lib/thumb/v7e-m/fpv4-sp/softfp\libc_nano.a(lib_a-nano-vfprintf_i.o)
 *(.eh_frame*)
 *fill*         0x0000d38f        0x1 
 .eh_frame      0x0000d390        0x0 c:/siliconlabs/simplicitystudio/v4/developer/toolchains/gnu_arm/7.2_2017q4/bin/../lib/gcc/arm-none-eabi/7.2.1/thumb/v7e-m/fpv4-sp/softfp/crtbegin.o
 .eh_frame      0x0000d390        0x4 c:/siliconlabs/simplicitystudio/v4/developer/toolchains/gnu_arm/7.2_2017q4/bin/../lib/gcc/arm-none-eabi/7.2.1/thumb/v7e-m/fpv4-sp/softfp/crtend.o

.glue_7         0x0000d394        0x0
 .glue_7        0x0000d394        0x0 linker stubs

.glue_7t        0x0000d394        0x0
 .glue_7t       0x0000d394        0x0 linker stubs

.vfp11_veneer   0x0000d394        0x0
 .vfp11_veneer  0x0000d394        0x0 linker stubs

.v4_bx          0x0000d394        0x0
 .v4_bx         0x0000d394        0x0 linker stubs

.iplt           0x0000d394        0x0
 .iplt          0x0000d394        0x0 c:/siliconlabs/simplicitystudio/v4/developer/toolchains/gnu_arm/7.2_2017q4/bin/../lib/gcc/arm-none-eabi/7.2.1/thumb/v7e-m/fpv4-sp/softfp/crtbegin.o

.ARM.extab
 *(.ARM.extab* .gnu.linkonce.armextab.*)
                0x0000d394                __exidx_start = .

.ARM.exidx      0x0000d394        0x8
 *(.ARM.exidx* .gnu.linkonce.armexidx.*)
 .ARM.exidx     0x0000d394        0x8 c:/siliconlabs/simplicitystudio/v4/developer/toolchains/gnu_arm/7.2_2017q4/bin/../lib/gcc/arm-none-eabi/7.2.1/../../../../arm-none-eabi/lib/thumb/v7e-m/fpv4-sp/softfp/crt0.o
 .ARM.exidx     0x0000d39c        0x0 c:/siliconlabs/simplicitystudio/v4/developer/toolchains/gnu_arm/7.2_2017q4/bin/../lib/gcc/arm-none-eabi/7.2.1/thumb/v7e-m/fpv4-sp/softfp\libgcc.a(_udivmoddi4.o)
                                  0x8 (size before relaxing)
                0x0000d39c                __exidx_end = .
                0x0000d39c                __etext = .

.rel.dyn        0x0000d39c        0x0
 .rel.iplt      0x0000d39c        0x0 c:/siliconlabs/simplicitystudio/v4/developer/toolchains/gnu_arm/7.2_2017q4/bin/../lib/gcc/arm-none-eabi/7.2.1/thumb/v7e-m/fpv4-sp/softfp/crtbegin.o

.data           0x20000000       0x88 load address 0x0000d39c
                0x20000000                __data_start__ = .
 *(vtable)
 *(.data*)
 .data.SystemHFXOClock
                0x20000000        0x4 ./CMSIS/EFR32MG12P/system_efr32mg12p.o
 .data.SystemLFXOClock
                0x20000004        0x4 ./CMSIS/EFR32MG12P/system_efr32mg12p.o
 .data.SystemCoreClock
                0x20000008        0x4 ./CMSIS/EFR32MG12P/system_efr32mg12p.o
                0x20000008                SystemCoreClock
 .data.SystemHfrcoFreq
                0x2000000c        0x4 ./CMSIS/EFR32MG12P/system_efr32mg12p.o
                0x2000000c                SystemHfrcoFreq
 .data._width   0x20000010        0x2 ./e-paper/Adafruit_GFX.o
                0x20000010                _width
 .data._height  0x20000012        0x2 ./e-paper/Adafruit_GFX.o
                0x20000012                _height
 .data.textcolor
                0x20000014        0x2 ./e-paper/Adafruit_GFX.o
                0x20000014                textcolor
 .data.textbgcolor
                0x20000016        0x2 ./e-paper/Adafruit_GFX.o
                0x20000016                textbgcolor
 .data.auxHfrcoFreq
                0x20000018        0x4 ./emlib/em_cmu.o
 .data._impure_ptr
                0x2000001c        0x4 c:/siliconlabs/simplicitystudio/v4/developer/toolchains/gnu_arm/7.2_2017q4/bin/../lib/gcc/arm-none-eabi/7.2.1/../../../../arm-none-eabi/lib/thumb/v7e-m/fpv4-sp/softfp\libc_nano.a(lib_a-impure.o)
                0x2000001c                _impure_ptr
 .data.impure_data
                0x20000020       0x60 c:/siliconlabs/simplicitystudio/v4/developer/toolchains/gnu_arm/7.2_2017q4/bin/../lib/gcc/arm-none-eabi/7.2.1/../../../../arm-none-eabi/lib/thumb/v7e-m/fpv4-sp/softfp\libc_nano.a(lib_a-impure.o)
                0x20000080                . = ALIGN (0x4)
 *(.ram)
                0x20000080                . = ALIGN (0x4)
                0x20000080                PROVIDE (__preinit_array_start, .)
 *(.preinit_array)
                0x20000080                PROVIDE (__preinit_array_end, .)
                0x20000080                . = ALIGN (0x4)
                0x20000080                PROVIDE (__init_array_start, .)
 *(SORT_BY_NAME(.init_array.*))
 *(.init_array)
 .init_array    0x20000080        0x4 c:/siliconlabs/simplicitystudio/v4/developer/toolchains/gnu_arm/7.2_2017q4/bin/../lib/gcc/arm-none-eabi/7.2.1/thumb/v7e-m/fpv4-sp/softfp/crtbegin.o
                0x20000084                PROVIDE (__init_array_end, .)
                0x20000084                . = ALIGN (0x4)
                [!provide]                PROVIDE (__fini_array_start, .)
 *(SORT_BY_NAME(.fini_array.*))
 *(.fini_array)
 .fini_array    0x20000084        0x4 c:/siliconlabs/simplicitystudio/v4/developer/toolchains/gnu_arm/7.2_2017q4/bin/../lib/gcc/arm-none-eabi/7.2.1/thumb/v7e-m/fpv4-sp/softfp/crtbegin.o
                [!provide]                PROVIDE (__fini_array_end, .)
 *(.jcr*)
                0x20000088                . = ALIGN (0x4)
                0x20000088                __data_end__ = .

.igot.plt       0x20000088        0x0 load address 0x0000d424
 .igot.plt      0x20000088        0x0 c:/siliconlabs/simplicitystudio/v4/developer/toolchains/gnu_arm/7.2_2017q4/bin/../lib/gcc/arm-none-eabi/7.2.1/thumb/v7e-m/fpv4-sp/softfp/crtbegin.o

.bss            0x20000088     0x13fc load address 0x0000d424
                0x20000088                . = ALIGN (0x4)
                0x20000088                __bss_start__ = .
 *(.bss*)
 .bss           0x20000088       0x1c c:/siliconlabs/simplicitystudio/v4/developer/toolchains/gnu_arm/7.2_2017q4/bin/../lib/gcc/arm-none-eabi/7.2.1/thumb/v7e-m/fpv4-sp/softfp/crtbegin.o
 .bss.cursor_x  0x200000a4        0x2 ./e-paper/Adafruit_GFX.o
                0x200000a4                cursor_x
 .bss.cursor_y  0x200000a6        0x2 ./e-paper/Adafruit_GFX.o
                0x200000a6                cursor_y
 .bss._cp437    0x200000a8        0x1 ./e-paper/Adafruit_GFX.o
                0x200000a8                _cp437
 *fill*         0x200000a9        0x3 
 .bss.heap_end.8156
                0x200000ac        0x4 ./src/retargetio.o
 .bss.rxReadIndex
                0x200000b0        0x4 ./src/retargetserial.o
 .bss.rxWriteIndex
                0x200000b4        0x4 ./src/retargetserial.o
 .bss.rxCount   0x200000b8        0x4 ./src/retargetserial.o
 .bss.rxBuffer  0x200000bc        0x8 ./src/retargetserial.o
 .bss.LFtoCRLF  0x200000c4        0x1 ./src/retargetserial.o
 .bss.initialized
                0x200000c5        0x1 ./src/retargetserial.o
 *fill*         0x200000c6        0x2 
 .bss.freq      0x200000c8        0x4 ./src/ustimer.o
 .bss.minTicks  0x200000cc        0x4 ./src/ustimer.o
 .bss.timeElapsed
                0x200000d0        0x1 ./src/ustimer.o
 *fill*         0x200000d1        0x3 
 .bss.__malloc_free_list
                0x200000d4        0x4 c:/siliconlabs/simplicitystudio/v4/developer/toolchains/gnu_arm/7.2_2017q4/bin/../lib/gcc/arm-none-eabi/7.2.1/../../../../arm-none-eabi/lib/thumb/v7e-m/fpv4-sp/softfp\libc_nano.a(lib_a-nano-mallocr.o)
                0x200000d4                __malloc_free_list
 .bss.__malloc_sbrk_start
                0x200000d8        0x4 c:/siliconlabs/simplicitystudio/v4/developer/toolchains/gnu_arm/7.2_2017q4/bin/../lib/gcc/arm-none-eabi/7.2.1/../../../../arm-none-eabi/lib/thumb/v7e-m/fpv4-sp/softfp\libc_nano.a(lib_a-nano-mallocr.o)
                0x200000d8                __malloc_sbrk_start
 *(COMMON)
 COMMON         0x200000dc        0x6 ./e-paper/Adafruit_GFX.o
                0x200000dc                gfxFont
                0x200000e0                WIDTH
 *fill*         0x200000e2        0x2 
 COMMON         0x200000e4     0x1390 ./e-paper/GxGDEP015OC1.o
                0x200000e4                rotation1
                0x200000e8                _buffer
                0x20001470                _diag_enabled
                0x20001471                _using_partial_mode
                0x20001472                _current_page
 COMMON         0x20001474        0xc ./src/main.o
                0x20001474                FONT_WIDTH
                0x20001478                f
                0x2000147c                name
 COMMON         0x20001480        0x4 c:/siliconlabs/simplicitystudio/v4/developer/toolchains/gnu_arm/7.2_2017q4/bin/../lib/gcc/arm-none-eabi/7.2.1/../../../../arm-none-eabi/lib/thumb/v7e-m/fpv4-sp/softfp\libc_nano.a(lib_a-reent.o)
                0x20001480                errno
                0x20001484                . = ALIGN (0x4)
                0x20001484                __bss_end__ = .

.heap           0x20001488      0xc00
                0x20001488                __HeapBase = .
                0x20001488                __end__ = .
                0x20001488                end = __end__
                0x20001488                _end = __end__
 *(.heap*)
 .heap          0x20001488      0xc00 ./CMSIS/EFR32MG12P/startup_efr32mg12p.o
                0x20002088                __HeapLimit = .

.stack_dummy    0x20001488      0x400
 *(.stack*)
 .stack         0x20001488      0x400 ./CMSIS/EFR32MG12P/startup_efr32mg12p.o
                0x20040000                __StackTop = (ORIGIN (RAM) + LENGTH (RAM))
                0x2003fc00                __StackLimit = (__StackTop - SIZEOF (.stack_dummy))
                0x20040000                PROVIDE (__stack, __StackTop)
                0x00000001                ASSERT ((__StackLimit >= __HeapLimit), region RAM overflowed with stack)
                0x00000001                ASSERT ((LENGTH (FLASH) >= (__etext + SIZEOF (.data))), FLASH memory overflowed !)
OUTPUT(E-paper_display_EFR32.axf elf32-littlearm)

.ARM.attributes
                0x00000000       0x2e
 .ARM.attributes
                0x00000000       0x22 c:/siliconlabs/simplicitystudio/v4/developer/toolchains/gnu_arm/7.2_2017q4/bin/../lib/gcc/arm-none-eabi/7.2.1/thumb/v7e-m/fpv4-sp/softfp/crti.o
 .ARM.attributes
                0x00000022       0x32 c:/siliconlabs/simplicitystudio/v4/developer/toolchains/gnu_arm/7.2_2017q4/bin/../lib/gcc/arm-none-eabi/7.2.1/thumb/v7e-m/fpv4-sp/softfp/crtbegin.o
 .ARM.attributes
                0x00000054       0x20 c:/siliconlabs/simplicitystudio/v4/developer/toolchains/gnu_arm/7.2_2017q4/bin/../lib/gcc/arm-none-eabi/7.2.1/../../../../arm-none-eabi/lib/thumb/v7e-m/fpv4-sp/softfp/crt0.o
 .ARM.attributes
                0x00000074       0x1f ./CMSIS/EFR32MG12P/startup_efr32mg12p.o
 .ARM.attributes
                0x00000093       0x37 ./CMSIS/EFR32MG12P/system_efr32mg12p.o
 .ARM.attributes
                0x000000ca       0x37 ./e-paper/Adafruit_GFX.o
 .ARM.attributes
                0x00000101       0x37 ./e-paper/GxEPD.o
 .ARM.attributes
                0x00000138       0x37 ./e-paper/GxGDEP015OC1.o
 .ARM.attributes
                0x0000016f       0x37 ./emlib/em_cmu.o
 .ARM.attributes
                0x000001a6       0x37 ./emlib/em_core.o
 .ARM.attributes
                0x000001dd       0x37 ./emlib/em_gpio.o
 .ARM.attributes
                0x00000214       0x37 ./emlib/em_timer.o
 .ARM.attributes
                0x0000024b       0x37 ./emlib/em_usart.o
 .ARM.attributes
                0x00000282       0x37 ./src/main.o
 .ARM.attributes
                0x000002b9       0x37 ./src/retargetio.o
 .ARM.attributes
                0x000002f0       0x37 ./src/retargetserial.o
 .ARM.attributes
                0x00000327       0x37 ./src/ustimer.o
 .ARM.attributes
                0x0000035e       0x22 c:/siliconlabs/simplicitystudio/v4/developer/toolchains/gnu_arm/7.2_2017q4/bin/../lib/gcc/arm-none-eabi/7.2.1/thumb/v7e-m/fpv4-sp/softfp\libgcc.a(_aeabi_uldivmod.o)
 .ARM.attributes
                0x00000380       0x32 c:/siliconlabs/simplicitystudio/v4/developer/toolchains/gnu_arm/7.2_2017q4/bin/../lib/gcc/arm-none-eabi/7.2.1/thumb/v7e-m/fpv4-sp/softfp\libgcc.a(_udivmoddi4.o)
 .ARM.attributes
                0x000003b2       0x22 c:/siliconlabs/simplicitystudio/v4/developer/toolchains/gnu_arm/7.2_2017q4/bin/../lib/gcc/arm-none-eabi/7.2.1/thumb/v7e-m/fpv4-sp/softfp\libgcc.a(_dvmd_tls.o)
 .ARM.attributes
                0x000003d4       0x32 c:/siliconlabs/simplicitystudio/v4/developer/toolchains/gnu_arm/7.2_2017q4/bin/../lib/gcc/arm-none-eabi/7.2.1/../../../../arm-none-eabi/lib/thumb/v7e-m/fpv4-sp/softfp\libc_nano.a(lib_a-abs.o)
 .ARM.attributes
                0x00000406       0x32 c:/siliconlabs/simplicitystudio/v4/developer/toolchains/gnu_arm/7.2_2017q4/bin/../lib/gcc/arm-none-eabi/7.2.1/../../../../arm-none-eabi/lib/thumb/v7e-m/fpv4-sp/softfp\libc_nano.a(lib_a-exit.o)
 .ARM.attributes
                0x00000438       0x32 c:/siliconlabs/simplicitystudio/v4/developer/toolchains/gnu_arm/7.2_2017q4/bin/../lib/gcc/arm-none-eabi/7.2.1/../../../../arm-none-eabi/lib/thumb/v7e-m/fpv4-sp/softfp\libc_nano.a(lib_a-impure.o)
 .ARM.attributes
                0x0000046a       0x32 c:/siliconlabs/simplicitystudio/v4/developer/toolchains/gnu_arm/7.2_2017q4/bin/../lib/gcc/arm-none-eabi/7.2.1/../../../../arm-none-eabi/lib/thumb/v7e-m/fpv4-sp/softfp\libc_nano.a(lib_a-init.o)
 .ARM.attributes
                0x0000049c       0x32 c:/siliconlabs/simplicitystudio/v4/developer/toolchains/gnu_arm/7.2_2017q4/bin/../lib/gcc/arm-none-eabi/7.2.1/../../../../arm-none-eabi/lib/thumb/v7e-m/fpv4-sp/softfp\libc_nano.a(lib_a-memcpy-stub.o)
 .ARM.attributes
                0x000004ce       0x32 c:/siliconlabs/simplicitystudio/v4/developer/toolchains/gnu_arm/7.2_2017q4/bin/../lib/gcc/arm-none-eabi/7.2.1/../../../../arm-none-eabi/lib/thumb/v7e-m/fpv4-sp/softfp\libc_nano.a(lib_a-memset.o)
 .ARM.attributes
                0x00000500       0x32 c:/siliconlabs/simplicitystudio/v4/developer/toolchains/gnu_arm/7.2_2017q4/bin/../lib/gcc/arm-none-eabi/7.2.1/../../../../arm-none-eabi/lib/thumb/v7e-m/fpv4-sp/softfp\libc_nano.a(lib_a-printf.o)
 .ARM.attributes
                0x00000532       0x32 c:/siliconlabs/simplicitystudio/v4/developer/toolchains/gnu_arm/7.2_2017q4/bin/../lib/gcc/arm-none-eabi/7.2.1/../../../../arm-none-eabi/lib/thumb/v7e-m/fpv4-sp/softfp\libc_nano.a(lib_a-setvbuf.o)
 .ARM.attributes
                0x00000564       0x32 c:/siliconlabs/simplicitystudio/v4/developer/toolchains/gnu_arm/7.2_2017q4/bin/../lib/gcc/arm-none-eabi/7.2.1/../../../../arm-none-eabi/lib/thumb/v7e-m/fpv4-sp/softfp\libc_nano.a(lib_a-vsnprintf.o)
 .ARM.attributes
                0x00000596       0x32 c:/siliconlabs/simplicitystudio/v4/developer/toolchains/gnu_arm/7.2_2017q4/bin/../lib/gcc/arm-none-eabi/7.2.1/../../../../arm-none-eabi/lib/thumb/v7e-m/fpv4-sp/softfp\libc_nano.a(lib_a-fflush.o)
 .ARM.attributes
                0x000005c8       0x32 c:/siliconlabs/simplicitystudio/v4/developer/toolchains/gnu_arm/7.2_2017q4/bin/../lib/gcc/arm-none-eabi/7.2.1/../../../../arm-none-eabi/lib/thumb/v7e-m/fpv4-sp/softfp\libc_nano.a(lib_a-findfp.o)
 .ARM.attributes
                0x000005fa       0x32 c:/siliconlabs/simplicitystudio/v4/developer/toolchains/gnu_arm/7.2_2017q4/bin/../lib/gcc/arm-none-eabi/7.2.1/../../../../arm-none-eabi/lib/thumb/v7e-m/fpv4-sp/softfp\libc_nano.a(lib_a-fwalk.o)
 .ARM.attributes
                0x0000062c       0x32 c:/siliconlabs/simplicitystudio/v4/developer/toolchains/gnu_arm/7.2_2017q4/bin/../lib/gcc/arm-none-eabi/7.2.1/../../../../arm-none-eabi/lib/thumb/v7e-m/fpv4-sp/softfp\libc_nano.a(lib_a-makebuf.o)
 .ARM.attributes
                0x0000065e       0x32 c:/siliconlabs/simplicitystudio/v4/developer/toolchains/gnu_arm/7.2_2017q4/bin/../lib/gcc/arm-none-eabi/7.2.1/../../../../arm-none-eabi/lib/thumb/v7e-m/fpv4-sp/softfp\libc_nano.a(lib_a-malloc.o)
 .ARM.attributes
                0x00000690       0x32 c:/siliconlabs/simplicitystudio/v4/developer/toolchains/gnu_arm/7.2_2017q4/bin/../lib/gcc/arm-none-eabi/7.2.1/../../../../arm-none-eabi/lib/thumb/v7e-m/fpv4-sp/softfp\libc_nano.a(lib_a-nano-freer.o)
 .ARM.attributes
                0x000006c2       0x32 c:/siliconlabs/simplicitystudio/v4/developer/toolchains/gnu_arm/7.2_2017q4/bin/../lib/gcc/arm-none-eabi/7.2.1/../../../../arm-none-eabi/lib/thumb/v7e-m/fpv4-sp/softfp\libc_nano.a(lib_a-nano-mallocr.o)
 .ARM.attributes
                0x000006f4       0x32 c:/siliconlabs/simplicitystudio/v4/developer/toolchains/gnu_arm/7.2_2017q4/bin/../lib/gcc/arm-none-eabi/7.2.1/../../../../arm-none-eabi/lib/thumb/v7e-m/fpv4-sp/softfp\libc_nano.a(lib_a-nano-svfprintf.o)
 .ARM.attributes
                0x00000726       0x32 c:/siliconlabs/simplicitystudio/v4/developer/toolchains/gnu_arm/7.2_2017q4/bin/../lib/gcc/arm-none-eabi/7.2.1/../../../../arm-none-eabi/lib/thumb/v7e-m/fpv4-sp/softfp\libc_nano.a(lib_a-nano-vfprintf.o)
 .ARM.attributes
                0x00000758       0x32 c:/siliconlabs/simplicitystudio/v4/developer/toolchains/gnu_arm/7.2_2017q4/bin/../lib/gcc/arm-none-eabi/7.2.1/../../../../arm-none-eabi/lib/thumb/v7e-m/fpv4-sp/softfp\libc_nano.a(lib_a-nano-vfprintf_i.o)
 .ARM.attributes
                0x0000078a       0x32 c:/siliconlabs/simplicitystudio/v4/developer/toolchains/gnu_arm/7.2_2017q4/bin/../lib/gcc/arm-none-eabi/7.2.1/../../../../arm-none-eabi/lib/thumb/v7e-m/fpv4-sp/softfp\libc_nano.a(lib_a-sbrkr.o)
 .ARM.attributes
                0x000007bc       0x32 c:/siliconlabs/simplicitystudio/v4/developer/toolchains/gnu_arm/7.2_2017q4/bin/../lib/gcc/arm-none-eabi/7.2.1/../../../../arm-none-eabi/lib/thumb/v7e-m/fpv4-sp/softfp\libc_nano.a(lib_a-stdio.o)
 .ARM.attributes
                0x000007ee       0x32 c:/siliconlabs/simplicitystudio/v4/developer/toolchains/gnu_arm/7.2_2017q4/bin/../lib/gcc/arm-none-eabi/7.2.1/../../../../arm-none-eabi/lib/thumb/v7e-m/fpv4-sp/softfp\libc_nano.a(lib_a-wbuf.o)
 .ARM.attributes
                0x00000820       0x32 c:/siliconlabs/simplicitystudio/v4/developer/toolchains/gnu_arm/7.2_2017q4/bin/../lib/gcc/arm-none-eabi/7.2.1/../../../../arm-none-eabi/lib/thumb/v7e-m/fpv4-sp/softfp\libc_nano.a(lib_a-writer.o)
 .ARM.attributes
                0x00000852       0x32 c:/siliconlabs/simplicitystudio/v4/developer/toolchains/gnu_arm/7.2_2017q4/bin/../lib/gcc/arm-none-eabi/7.2.1/../../../../arm-none-eabi/lib/thumb/v7e-m/fpv4-sp/softfp\libc_nano.a(lib_a-wsetup.o)
 .ARM.attributes
                0x00000884       0x32 c:/siliconlabs/simplicitystudio/v4/developer/toolchains/gnu_arm/7.2_2017q4/bin/../lib/gcc/arm-none-eabi/7.2.1/../../../../arm-none-eabi/lib/thumb/v7e-m/fpv4-sp/softfp\libc_nano.a(lib_a-closer.o)
 .ARM.attributes
                0x000008b6       0x32 c:/siliconlabs/simplicitystudio/v4/developer/toolchains/gnu_arm/7.2_2017q4/bin/../lib/gcc/arm-none-eabi/7.2.1/../../../../arm-none-eabi/lib/thumb/v7e-m/fpv4-sp/softfp\libc_nano.a(lib_a-fstatr.o)
 .ARM.attributes
                0x000008e8       0x32 c:/siliconlabs/simplicitystudio/v4/developer/toolchains/gnu_arm/7.2_2017q4/bin/../lib/gcc/arm-none-eabi/7.2.1/../../../../arm-none-eabi/lib/thumb/v7e-m/fpv4-sp/softfp\libc_nano.a(lib_a-isattyr.o)
 .ARM.attributes
                0x0000091a       0x32 c:/siliconlabs/simplicitystudio/v4/developer/toolchains/gnu_arm/7.2_2017q4/bin/../lib/gcc/arm-none-eabi/7.2.1/../../../../arm-none-eabi/lib/thumb/v7e-m/fpv4-sp/softfp\libc_nano.a(lib_a-lseekr.o)
 .ARM.attributes
                0x0000094c       0x20 c:/siliconlabs/simplicitystudio/v4/developer/toolchains/gnu_arm/7.2_2017q4/bin/../lib/gcc/arm-none-eabi/7.2.1/../../../../arm-none-eabi/lib/thumb/v7e-m/fpv4-sp/softfp\libc_nano.a(lib_a-memchr.o)
 .ARM.attributes
                0x0000096c       0x32 c:/siliconlabs/simplicitystudio/v4/developer/toolchains/gnu_arm/7.2_2017q4/bin/../lib/gcc/arm-none-eabi/7.2.1/../../../../arm-none-eabi/lib/thumb/v7e-m/fpv4-sp/softfp\libc_nano.a(lib_a-memmove.o)
 .ARM.attributes
                0x0000099e       0x32 c:/siliconlabs/simplicitystudio/v4/developer/toolchains/gnu_arm/7.2_2017q4/bin/../lib/gcc/arm-none-eabi/7.2.1/../../../../arm-none-eabi/lib/thumb/v7e-m/fpv4-sp/softfp\libc_nano.a(lib_a-mlock.o)
 .ARM.attributes
                0x000009d0       0x32 c:/siliconlabs/simplicitystudio/v4/developer/toolchains/gnu_arm/7.2_2017q4/bin/../lib/gcc/arm-none-eabi/7.2.1/../../../../arm-none-eabi/lib/thumb/v7e-m/fpv4-sp/softfp\libc_nano.a(lib_a-nano-reallocr.o)
 .ARM.attributes
                0x00000a02       0x32 c:/siliconlabs/simplicitystudio/v4/developer/toolchains/gnu_arm/7.2_2017q4/bin/../lib/gcc/arm-none-eabi/7.2.1/../../../../arm-none-eabi/lib/thumb/v7e-m/fpv4-sp/softfp\libc_nano.a(lib_a-readr.o)
 .ARM.attributes
                0x00000a34       0x32 c:/siliconlabs/simplicitystudio/v4/developer/toolchains/gnu_arm/7.2_2017q4/bin/../lib/gcc/arm-none-eabi/7.2.1/../../../../arm-none-eabi/lib/thumb/v7e-m/fpv4-sp/softfp\libc_nano.a(lib_a-reent.o)
 .ARM.attributes
                0x00000a66       0x32 c:/siliconlabs/simplicitystudio/v4/developer/toolchains/gnu_arm/7.2_2017q4/bin/../lib/gcc/arm-none-eabi/7.2.1/../../../../arm-none-eabi/lib/thumb/v7e-m/fpv4-sp/softfp\libc_nano.a(lib_a-nano-msizer.o)
 .ARM.attributes
                0x00000a98       0x32 c:/siliconlabs/simplicitystudio/v4/developer/toolchains/gnu_arm/7.2_2017q4/bin/../lib/gcc/arm-none-eabi/7.2.1/thumb/v7e-m/fpv4-sp/softfp/crtend.o
 .ARM.attributes
                0x00000aca       0x22 c:/siliconlabs/simplicitystudio/v4/developer/toolchains/gnu_arm/7.2_2017q4/bin/../lib/gcc/arm-none-eabi/7.2.1/thumb/v7e-m/fpv4-sp/softfp/crtn.o

.comment        0x00000000       0x7e
 .comment       0x00000000       0x7e ./CMSIS/EFR32MG12P/system_efr32mg12p.o
                                 0x7f (size before relaxing)
 .comment       0x0000007e       0x7f ./e-paper/Adafruit_GFX.o
 .comment       0x0000007e       0x7f ./e-paper/GxEPD.o
 .comment       0x0000007e       0x7f ./e-paper/GxGDEP015OC1.o
 .comment       0x0000007e       0x7f ./emlib/em_cmu.o
 .comment       0x0000007e       0x7f ./emlib/em_core.o
 .comment       0x0000007e       0x7f ./emlib/em_gpio.o
 .comment       0x0000007e       0x7f ./emlib/em_timer.o
 .comment       0x0000007e       0x7f ./emlib/em_usart.o
 .comment       0x0000007e       0x7f ./src/main.o
 .comment       0x0000007e       0x7f ./src/retargetio.o
 .comment       0x0000007e       0x7f ./src/retargetserial.o
 .comment       0x0000007e       0x7f ./src/ustimer.o

.debug_line     0x00000000     0x53ba
 .debug_line    0x00000000       0xd9 ./CMSIS/EFR32MG12P/startup_efr32mg12p.o
 .debug_line    0x000000d9      0x36f ./CMSIS/EFR32MG12P/system_efr32mg12p.o
 .debug_line    0x00000448      0x577 ./e-paper/Adafruit_GFX.o
 .debug_line    0x000009bf      0x2c4 ./e-paper/GxEPD.o
 .debug_line    0x00000c83      0xd76 ./e-paper/GxGDEP015OC1.o
 .debug_line    0x000019f9      0xcae ./emlib/em_cmu.o
 .debug_line    0x000026a7      0x60a ./emlib/em_core.o
 .debug_line    0x00002cb1      0x592 ./emlib/em_gpio.o
 .debug_line    0x00003243      0x599 ./emlib/em_timer.o
 .debug_line    0x000037dc      0x627 ./emlib/em_usart.o
 .debug_line    0x00003e03      0x798 ./src/main.o
 .debug_line    0x0000459b      0x3a3 ./src/retargetio.o
 .debug_line    0x0000493e      0x4e5 ./src/retargetserial.o
 .debug_line    0x00004e23      0x597 ./src/ustimer.o

.debug_info     0x00000000     0xfb49
 .debug_info    0x00000000       0x26 ./CMSIS/EFR32MG12P/startup_efr32mg12p.o
 .debug_info    0x00000026      0x8f2 ./CMSIS/EFR32MG12P/system_efr32mg12p.o
 .debug_info    0x00000918     0x11fa ./e-paper/Adafruit_GFX.o
 .debug_info    0x00001b12      0xbcc ./e-paper/GxEPD.o
 .debug_info    0x000026de     0x2324 ./e-paper/GxGDEP015OC1.o
 .debug_info    0x00004a02     0x24e4 ./emlib/em_cmu.o
 .debug_info    0x00006ee6      0xd6d ./emlib/em_core.o
 .debug_info    0x00007c53      0xa76 ./emlib/em_gpio.o
 .debug_info    0x000086c9      0x998 ./emlib/em_timer.o
 .debug_info    0x00009061      0xf86 ./emlib/em_usart.o
 .debug_info    0x00009fe7     0x2562 ./src/main.o
 .debug_info    0x0000c549      0xe2d ./src/retargetio.o
 .debug_info    0x0000d376     0x15ff ./src/retargetserial.o
 .debug_info    0x0000e975     0x11d4 ./src/ustimer.o

.debug_abbrev   0x00000000     0x20a7
 .debug_abbrev  0x00000000       0x14 ./CMSIS/EFR32MG12P/startup_efr32mg12p.o
 .debug_abbrev  0x00000014      0x1b4 ./CMSIS/EFR32MG12P/system_efr32mg12p.o
 .debug_abbrev  0x000001c8      0x2bf ./e-paper/Adafruit_GFX.o
 .debug_abbrev  0x00000487      0x207 ./e-paper/GxEPD.o
 .debug_abbrev  0x0000068e      0x38a ./e-paper/GxGDEP015OC1.o
 .debug_abbrev  0x00000a18      0x333 ./emlib/em_cmu.o
 .debug_abbrev  0x00000d4b      0x257 ./emlib/em_core.o
 .debug_abbrev  0x00000fa2      0x21d ./emlib/em_gpio.o
 .debug_abbrev  0x000011bf      0x1a9 ./emlib/em_timer.o
 .debug_abbrev  0x00001368      0x202 ./emlib/em_usart.o
 .debug_abbrev  0x0000156a      0x348 ./src/main.o
 .debug_abbrev  0x000018b2      0x23c ./src/retargetio.o
 .debug_abbrev  0x00001aee      0x33b ./src/retargetserial.o
 .debug_abbrev  0x00001e29      0x27e ./src/ustimer.o

.debug_aranges  0x00000000      0x960
 .debug_aranges
                0x00000000       0x20 ./CMSIS/EFR32MG12P/startup_efr32mg12p.o
 .debug_aranges
                0x00000020       0x68 ./CMSIS/EFR32MG12P/system_efr32mg12p.o
 .debug_aranges
                0x00000088       0x98 ./e-paper/Adafruit_GFX.o
 .debug_aranges
                0x00000120       0x20 ./e-paper/GxEPD.o
 .debug_aranges
                0x00000140      0x1a8 ./e-paper/GxGDEP015OC1.o
 .debug_aranges
                0x000002e8      0x1d0 ./emlib/em_cmu.o
 .debug_aranges
                0x000004b8       0xe8 ./emlib/em_core.o
 .debug_aranges
                0x000005a0       0x88 ./emlib/em_gpio.o
 .debug_aranges
                0x00000628       0x58 ./emlib/em_timer.o
 .debug_aranges
                0x00000680       0xb8 ./emlib/em_usart.o
 .debug_aranges
                0x00000738       0x78 ./src/main.o
 .debug_aranges
                0x000007b0       0x68 ./src/retargetio.o
 .debug_aranges
                0x00000818       0x88 ./src/retargetserial.o
 .debug_aranges
                0x000008a0       0xc0 ./src/ustimer.o

.debug_str      0x00000000     0x48c6
 .debug_str     0x00000000       0xfc ./CMSIS/EFR32MG12P/startup_efr32mg12p.o
 .debug_str     0x000000fc      0x616 ./CMSIS/EFR32MG12P/system_efr32mg12p.o
                                0x6dd (size before relaxing)
 .debug_str     0x00000712      0x568 ./e-paper/Adafruit_GFX.o
                                0x841 (size before relaxing)
 .debug_str     0x00000c7a       0xf7 ./e-paper/GxEPD.o
                                0x718 (size before relaxing)
 .debug_str     0x00000d71      0x7e5 ./e-paper/GxGDEP015OC1.o
                                0xf37 (size before relaxing)
 .debug_str     0x00001556     0x14a7 ./emlib/em_cmu.o
                               0x1a76 (size before relaxing)
 .debug_str     0x000029fd      0x62e ./emlib/em_core.o
                                0x928 (size before relaxing)
 .debug_str     0x0000302b      0x1d2 ./emlib/em_gpio.o
                                0x8c6 (size before relaxing)
 .debug_str     0x000031fd      0x70d ./emlib/em_timer.o
                                0x9ba (size before relaxing)
 .debug_str     0x0000390a      0x786 ./emlib/em_usart.o
                                0xdb2 (size before relaxing)
 .debug_str     0x00004090      0x3d7 ./src/main.o
                               0x19a4 (size before relaxing)
 .debug_str     0x00004467      0x174 ./src/retargetio.o
                                0x7d9 (size before relaxing)
 .debug_str     0x000045db      0x155 ./src/retargetserial.o
                               0x13ad (size before relaxing)
 .debug_str     0x00004730      0x196 ./src/ustimer.o
                                0xffb (size before relaxing)

.debug_loc      0x00000000     0x50c0
 .debug_loc     0x00000000      0x2e4 ./CMSIS/EFR32MG12P/system_efr32mg12p.o
 .debug_loc     0x000002e4      0x519 ./e-paper/Adafruit_GFX.o
 .debug_loc     0x000007fd       0x50 ./e-paper/GxEPD.o
 .debug_loc     0x0000084d      0xea5 ./e-paper/GxGDEP015OC1.o
 .debug_loc     0x000016f2     0x1154 ./emlib/em_cmu.o
 .debug_loc     0x00002846      0x88c ./emlib/em_core.o
 .debug_loc     0x000030d2      0x4b4 ./emlib/em_gpio.o
 .debug_loc     0x00003586      0x2b0 ./emlib/em_timer.o
 .debug_loc     0x00003836      0x6d2 ./emlib/em_usart.o
 .debug_loc     0x00003f08      0x390 ./src/main.o
 .debug_loc     0x00004298      0x344 ./src/retargetio.o
 .debug_loc     0x000045dc      0x40c ./src/retargetserial.o
 .debug_loc     0x000049e8      0x6d8 ./src/ustimer.o

.debug_ranges   0x00000000      0x870
 .debug_ranges  0x00000000       0x58 ./CMSIS/EFR32MG12P/system_efr32mg12p.o
 .debug_ranges  0x00000058       0x88 ./e-paper/Adafruit_GFX.o
 .debug_ranges  0x000000e0       0x10 ./e-paper/GxEPD.o
 .debug_ranges  0x000000f0      0x198 ./e-paper/GxGDEP015OC1.o
 .debug_ranges  0x00000288      0x1c0 ./emlib/em_cmu.o
 .debug_ranges  0x00000448       0xd8 ./emlib/em_core.o
 .debug_ranges  0x00000520       0x78 ./emlib/em_gpio.o
 .debug_ranges  0x00000598       0x48 ./emlib/em_timer.o
 .debug_ranges  0x000005e0       0xa8 ./emlib/em_usart.o
 .debug_ranges  0x00000688       0x68 ./src/main.o
 .debug_ranges  0x000006f0       0x58 ./src/retargetio.o
 .debug_ranges  0x00000748       0x78 ./src/retargetserial.o
 .debug_ranges  0x000007c0       0xb0 ./src/ustimer.o

.debug_frame    0x00000000     0x2fb0
 .debug_frame   0x00000000      0x164 ./CMSIS/EFR32MG12P/system_efr32mg12p.o
 .debug_frame   0x00000164      0x278 ./e-paper/Adafruit_GFX.o
 .debug_frame   0x000003dc       0x38 ./e-paper/GxEPD.o
 .debug_frame   0x00000414      0x718 ./e-paper/GxGDEP015OC1.o
 .debug_frame   0x00000b2c      0x7f4 ./emlib/em_cmu.o
 .debug_frame   0x00001320      0x3dc ./emlib/em_core.o
 .debug_frame   0x000016fc      0x224 ./emlib/em_gpio.o
 .debug_frame   0x00001920      0x140 ./emlib/em_timer.o
 .debug_frame   0x00001a60      0x314 ./emlib/em_usart.o
 .debug_frame   0x00001d74      0x1d0 ./src/main.o
 .debug_frame   0x00001f44      0x184 ./src/retargetio.o
 .debug_frame   0x000020c8      0x204 ./src/retargetserial.o
 .debug_frame   0x000022cc      0x338 ./src/ustimer.o
 .debug_frame   0x00002604       0x2c c:/siliconlabs/simplicitystudio/v4/developer/toolchains/gnu_arm/7.2_2017q4/bin/../lib/gcc/arm-none-eabi/7.2.1/thumb/v7e-m/fpv4-sp/softfp\libgcc.a(_aeabi_uldivmod.o)
 .debug_frame   0x00002630       0x34 c:/siliconlabs/simplicitystudio/v4/developer/toolchains/gnu_arm/7.2_2017q4/bin/../lib/gcc/arm-none-eabi/7.2.1/thumb/v7e-m/fpv4-sp/softfp\libgcc.a(_udivmoddi4.o)
 .debug_frame   0x00002664       0x20 c:/siliconlabs/simplicitystudio/v4/developer/toolchains/gnu_arm/7.2_2017q4/bin/../lib/gcc/arm-none-eabi/7.2.1/../../../../arm-none-eabi/lib/thumb/v7e-m/fpv4-sp/softfp\libc_nano.a(lib_a-abs.o)
 .debug_frame   0x00002684       0x28 c:/siliconlabs/simplicitystudio/v4/developer/toolchains/gnu_arm/7.2_2017q4/bin/../lib/gcc/arm-none-eabi/7.2.1/../../../../arm-none-eabi/lib/thumb/v7e-m/fpv4-sp/softfp\libc_nano.a(lib_a-exit.o)
 .debug_frame   0x000026ac       0x2c c:/siliconlabs/simplicitystudio/v4/developer/toolchains/gnu_arm/7.2_2017q4/bin/../lib/gcc/arm-none-eabi/7.2.1/../../../../arm-none-eabi/lib/thumb/v7e-m/fpv4-sp/softfp\libc_nano.a(lib_a-init.o)
 .debug_frame   0x000026d8       0x28 c:/siliconlabs/simplicitystudio/v4/developer/toolchains/gnu_arm/7.2_2017q4/bin/../lib/gcc/arm-none-eabi/7.2.1/../../../../arm-none-eabi/lib/thumb/v7e-m/fpv4-sp/softfp\libc_nano.a(lib_a-memcpy-stub.o)
 .debug_frame   0x00002700       0x20 c:/siliconlabs/simplicitystudio/v4/developer/toolchains/gnu_arm/7.2_2017q4/bin/../lib/gcc/arm-none-eabi/7.2.1/../../../../arm-none-eabi/lib/thumb/v7e-m/fpv4-sp/softfp\libc_nano.a(lib_a-memset.o)
 .debug_frame   0x00002720       0x74 c:/siliconlabs/simplicitystudio/v4/developer/toolchains/gnu_arm/7.2_2017q4/bin/../lib/gcc/arm-none-eabi/7.2.1/../../../../arm-none-eabi/lib/thumb/v7e-m/fpv4-sp/softfp\libc_nano.a(lib_a-printf.o)
 .debug_frame   0x00002794       0x38 c:/siliconlabs/simplicitystudio/v4/developer/toolchains/gnu_arm/7.2_2017q4/bin/../lib/gcc/arm-none-eabi/7.2.1/../../../../arm-none-eabi/lib/thumb/v7e-m/fpv4-sp/softfp\libc_nano.a(lib_a-setvbuf.o)
 .debug_frame   0x000027cc       0x4c c:/siliconlabs/simplicitystudio/v4/developer/toolchains/gnu_arm/7.2_2017q4/bin/../lib/gcc/arm-none-eabi/7.2.1/../../../../arm-none-eabi/lib/thumb/v7e-m/fpv4-sp/softfp\libc_nano.a(lib_a-vsnprintf.o)
 .debug_frame   0x00002818       0x68 c:/siliconlabs/simplicitystudio/v4/developer/toolchains/gnu_arm/7.2_2017q4/bin/../lib/gcc/arm-none-eabi/7.2.1/../../../../arm-none-eabi/lib/thumb/v7e-m/fpv4-sp/softfp\libc_nano.a(lib_a-fflush.o)
 .debug_frame   0x00002880      0x11c c:/siliconlabs/simplicitystudio/v4/developer/toolchains/gnu_arm/7.2_2017q4/bin/../lib/gcc/arm-none-eabi/7.2.1/../../../../arm-none-eabi/lib/thumb/v7e-m/fpv4-sp/softfp\libc_nano.a(lib_a-findfp.o)
 .debug_frame   0x0000299c       0x54 c:/siliconlabs/simplicitystudio/v4/developer/toolchains/gnu_arm/7.2_2017q4/bin/../lib/gcc/arm-none-eabi/7.2.1/../../../../arm-none-eabi/lib/thumb/v7e-m/fpv4-sp/softfp\libc_nano.a(lib_a-fwalk.o)
 .debug_frame   0x000029f0       0x58 c:/siliconlabs/simplicitystudio/v4/developer/toolchains/gnu_arm/7.2_2017q4/bin/../lib/gcc/arm-none-eabi/7.2.1/../../../../arm-none-eabi/lib/thumb/v7e-m/fpv4-sp/softfp\libc_nano.a(lib_a-makebuf.o)
 .debug_frame   0x00002a48       0x30 c:/siliconlabs/simplicitystudio/v4/developer/toolchains/gnu_arm/7.2_2017q4/bin/../lib/gcc/arm-none-eabi/7.2.1/../../../../arm-none-eabi/lib/thumb/v7e-m/fpv4-sp/softfp\libc_nano.a(lib_a-malloc.o)
 .debug_frame   0x00002a78       0x38 c:/siliconlabs/simplicitystudio/v4/developer/toolchains/gnu_arm/7.2_2017q4/bin/../lib/gcc/arm-none-eabi/7.2.1/../../../../arm-none-eabi/lib/thumb/v7e-m/fpv4-sp/softfp\libc_nano.a(lib_a-nano-freer.o)
 .debug_frame   0x00002ab0       0x2c c:/siliconlabs/simplicitystudio/v4/developer/toolchains/gnu_arm/7.2_2017q4/bin/../lib/gcc/arm-none-eabi/7.2.1/../../../../arm-none-eabi/lib/thumb/v7e-m/fpv4-sp/softfp\libc_nano.a(lib_a-nano-mallocr.o)
 .debug_frame   0x00002adc       0x90 c:/siliconlabs/simplicitystudio/v4/developer/toolchains/gnu_arm/7.2_2017q4/bin/../lib/gcc/arm-none-eabi/7.2.1/../../../../arm-none-eabi/lib/thumb/v7e-m/fpv4-sp/softfp\libc_nano.a(lib_a-nano-svfprintf.o)
 .debug_frame   0x00002b6c       0xac c:/siliconlabs/simplicitystudio/v4/developer/toolchains/gnu_arm/7.2_2017q4/bin/../lib/gcc/arm-none-eabi/7.2.1/../../../../arm-none-eabi/lib/thumb/v7e-m/fpv4-sp/softfp\libc_nano.a(lib_a-nano-vfprintf.o)
 .debug_frame   0x00002c18       0x60 c:/siliconlabs/simplicitystudio/v4/developer/toolchains/gnu_arm/7.2_2017q4/bin/../lib/gcc/arm-none-eabi/7.2.1/../../../../arm-none-eabi/lib/thumb/v7e-m/fpv4-sp/softfp\libc_nano.a(lib_a-nano-vfprintf_i.o)
 .debug_frame   0x00002c78       0x2c c:/siliconlabs/simplicitystudio/v4/developer/toolchains/gnu_arm/7.2_2017q4/bin/../lib/gcc/arm-none-eabi/7.2.1/../../../../arm-none-eabi/lib/thumb/v7e-m/fpv4-sp/softfp\libc_nano.a(lib_a-sbrkr.o)
 .debug_frame   0x00002ca4       0x88 c:/siliconlabs/simplicitystudio/v4/developer/toolchains/gnu_arm/7.2_2017q4/bin/../lib/gcc/arm-none-eabi/7.2.1/../../../../arm-none-eabi/lib/thumb/v7e-m/fpv4-sp/softfp\libc_nano.a(lib_a-stdio.o)
 .debug_frame   0x00002d2c       0x40 c:/siliconlabs/simplicitystudio/v4/developer/toolchains/gnu_arm/7.2_2017q4/bin/../lib/gcc/arm-none-eabi/7.2.1/../../../../arm-none-eabi/lib/thumb/v7e-m/fpv4-sp/softfp\libc_nano.a(lib_a-wbuf.o)
 .debug_frame   0x00002d6c       0x2c c:/siliconlabs/simplicitystudio/v4/developer/toolchains/gnu_arm/7.2_2017q4/bin/../lib/gcc/arm-none-eabi/7.2.1/../../../../arm-none-eabi/lib/thumb/v7e-m/fpv4-sp/softfp\libc_nano.a(lib_a-writer.o)
 .debug_frame   0x00002d98       0x2c c:/siliconlabs/simplicitystudio/v4/developer/toolchains/gnu_arm/7.2_2017q4/bin/../lib/gcc/arm-none-eabi/7.2.1/../../../../arm-none-eabi/lib/thumb/v7e-m/fpv4-sp/softfp\libc_nano.a(lib_a-wsetup.o)
 .debug_frame   0x00002dc4       0x2c c:/siliconlabs/simplicitystudio/v4/developer/toolchains/gnu_arm/7.2_2017q4/bin/../lib/gcc/arm-none-eabi/7.2.1/../../../../arm-none-eabi/lib/thumb/v7e-m/fpv4-sp/softfp\libc_nano.a(lib_a-closer.o)
 .debug_frame   0x00002df0       0x2c c:/siliconlabs/simplicitystudio/v4/developer/toolchains/gnu_arm/7.2_2017q4/bin/../lib/gcc/arm-none-eabi/7.2.1/../../../../arm-none-eabi/lib/thumb/v7e-m/fpv4-sp/softfp\libc_nano.a(lib_a-fstatr.o)
 .debug_frame   0x00002e1c       0x2c c:/siliconlabs/simplicitystudio/v4/developer/toolchains/gnu_arm/7.2_2017q4/bin/../lib/gcc/arm-none-eabi/7.2.1/../../../../arm-none-eabi/lib/thumb/v7e-m/fpv4-sp/softfp\libc_nano.a(lib_a-isattyr.o)
 .debug_frame   0x00002e48       0x2c c:/siliconlabs/simplicitystudio/v4/developer/toolchains/gnu_arm/7.2_2017q4/bin/../lib/gcc/arm-none-eabi/7.2.1/../../../../arm-none-eabi/lib/thumb/v7e-m/fpv4-sp/softfp\libc_nano.a(lib_a-lseekr.o)
 .debug_frame   0x00002e74       0x28 c:/siliconlabs/simplicitystudio/v4/developer/toolchains/gnu_arm/7.2_2017q4/bin/../lib/gcc/arm-none-eabi/7.2.1/../../../../arm-none-eabi/lib/thumb/v7e-m/fpv4-sp/softfp\libc_nano.a(lib_a-memmove.o)
 .debug_frame   0x00002e9c       0x30 c:/siliconlabs/simplicitystudio/v4/developer/toolchains/gnu_arm/7.2_2017q4/bin/../lib/gcc/arm-none-eabi/7.2.1/../../../../arm-none-eabi/lib/thumb/v7e-m/fpv4-sp/softfp\libc_nano.a(lib_a-mlock.o)
 .debug_frame   0x00002ecc       0x3c c:/siliconlabs/simplicitystudio/v4/developer/toolchains/gnu_arm/7.2_2017q4/bin/../lib/gcc/arm-none-eabi/7.2.1/../../../../arm-none-eabi/lib/thumb/v7e-m/fpv4-sp/softfp\libc_nano.a(lib_a-nano-reallocr.o)
 .debug_frame   0x00002f08       0x2c c:/siliconlabs/simplicitystudio/v4/developer/toolchains/gnu_arm/7.2_2017q4/bin/../lib/gcc/arm-none-eabi/7.2.1/../../../../arm-none-eabi/lib/thumb/v7e-m/fpv4-sp/softfp\libc_nano.a(lib_a-readr.o)
 .debug_frame   0x00002f34       0x5c c:/siliconlabs/simplicitystudio/v4/developer/toolchains/gnu_arm/7.2_2017q4/bin/../lib/gcc/arm-none-eabi/7.2.1/../../../../arm-none-eabi/lib/thumb/v7e-m/fpv4-sp/softfp\libc_nano.a(lib_a-reent.o)
 .debug_frame   0x00002f90       0x20 c:/siliconlabs/simplicitystudio/v4/developer/toolchains/gnu_arm/7.2_2017q4/bin/../lib/gcc/arm-none-eabi/7.2.1/../../../../arm-none-eabi/lib/thumb/v7e-m/fpv4-sp/softfp\libc_nano.a(lib_a-nano-msizer.o)
